MPLINK 4.48, Linker
Linker Map File - Created Thu Jan 28 11:57:50 2016

                                 Section Info
                  Section       Type    Address   Location Size(Bytes)
                ---------  ---------  ---------  ---------  ---------
               _entry_scn       code   0x000000    program   0x000006
           .code___init.o       code   0x000006    program   0x000002
              high_vector       code   0x000008    program   0x000022
                   .cinit    romdata   0x00002a    program   0x00003e
             .code_uart.o       code   0x000068    program   0x0006de
            .code_timer.o       code   0x000746    program   0x000376
             .code_ECAN.o       code   0x000abc    program   0x0001d6
              .code_app.o       code   0x000c92    program   0x000110
               _cinit_scn       code   0x000da2    program   0x00009e
            .code_board.o       code   0x000e40    program   0x00009c
             .code_main.o       code   0x000edc    program   0x000096
           .code_u2open.o       code   0x000f72    program   0x000078
           .code_u1open.o       code   0x000fea    program   0x000072
         .code_fxd3232u.o       code   0x00105c    program   0x000048
           .code_u2read.o       code   0x0010a4    program   0x00003e
           .code_u1read.o       code   0x0010e2    program   0x00003e
          .code_t3write.o       code   0x001120    program   0x000038
          .code_t1write.o       code   0x001158    program   0x000038
          .code_t0write.o       code   0x001190    program   0x000038
           .code_t0open.o       code   0x0011c8    program   0x000038
              D1KTCYXCODE       code   0x001200    program   0x000020
                    .code       code   0x001220    program   0x000020
             _startup_scn       code   0x001240    program   0x00001c
        .code_heartBeat.o       code   0x00125c    program   0x00001a
               UARTDATA_i    romdata   0x001276    program   0x0001ec
               APP_DATA_i    romdata   0x001462    program   0x000015
        .romdata_u1read.o    romdata   0x001477    program   0x000000
        .idata_u1read.o_i    romdata   0x001477    program   0x000000
         .romdata_board.o    romdata   0x001477    program   0x000000
        .romdata_t0open.o    romdata   0x001477    program   0x000000
           .romdata_app.o    romdata   0x001477    program   0x000000
        .idata_u2read.o_i    romdata   0x001477    program   0x000000
        .romdata_u2open.o    romdata   0x001477    program   0x000000
        .idata_u2open.o_i    romdata   0x001477    program   0x000000
     .romdata_heartBeat.o    romdata   0x001477    program   0x000000
        .romdata_u1open.o    romdata   0x001477    program   0x000000
        .idata_u1open.o_i    romdata   0x001477    program   0x000000
        .romdata_u2read.o    romdata   0x001477    program   0x000000
      .romdata_fxd3232u.o    romdata   0x001477    program   0x000000
.romdata_interruptvector.o    romdata   0x001477    program   0x000000
       .romdata_t1write.o    romdata   0x001477    program   0x000000
        .idata_u1defs.o_i    romdata   0x001477    program   0x000000
          .romdata_main.o    romdata   0x001477    program   0x000000
          .romdata_uart.o    romdata   0x001477    program   0x000000
          .idata_uart.o_i    romdata   0x001477    program   0x000000
             .stringtable    romdata   0x001477    program   0x000000
          .romdata_ECAN.o    romdata   0x001477    program   0x000000
        .romdata_u1defs.o    romdata   0x001477    program   0x000000
       .romdata_t0write.o    romdata   0x001477    program   0x000000
         .romdata_timer.o    romdata   0x001477    program   0x000000
         .idata_timer.o_i    romdata   0x001477    program   0x00001c
       .romdata_t3write.o    romdata   0x001477    program   0x000000
        .idata_u2defs.o_i    romdata   0x001477    program   0x000000
        .romdata_u2defs.o    romdata   0x001477    program   0x000000
        .romdata___init.o    romdata   0x001477    program   0x000000
         .romdata_c018i.o    romdata   0x001477    program   0x000000
       .idata_t0write.o_i    romdata   0x001493    program   0x000000
        .idata_t0open.o_i    romdata   0x001493    program   0x000000
       .idata_t1write.o_i    romdata   0x001493    program   0x000000
          .idata_main.o_i    romdata   0x001493    program   0x00000a
       .idata_t3write.o_i    romdata   0x001493    program   0x000000
     .idata_heartBeat.o_i    romdata   0x00149d    program   0x000001
.idata_interruptvector.o_i    romdata   0x00149d    program   0x000000
           .idata_app.o_i    romdata   0x00149e    program   0x000000
            .code_c018i.o       code   0x00149e    program   0x000000
        .idata___init.o_i    romdata   0x00149e    program   0x000000
         .idata_c018i.o_i    romdata   0x00149e    program   0x000000
           .code_u2defs.o       code   0x00149e    program   0x000000
           .code_u1defs.o       code   0x00149e    program   0x000000
         .idata_board.o_i    romdata   0x00149e    program   0x000000
      .idata_fxd3232u.o_i    romdata   0x00149e    program   0x000000
  .code_interruptvector.o       code   0x00149e    program   0x000000
          .idata_ECAN.o_i    romdata   0x00149e    program   0x000000
    .config_300000_main.o    romdata   0x300000    program   0x000001
    .config_300001_main.o    romdata   0x300001    program   0x000001
    .config_300002_main.o    romdata   0x300002    program   0x000001
    .config_300003_main.o    romdata   0x300003    program   0x000001
    .config_300005_main.o    romdata   0x300005    program   0x000001
    .config_300006_main.o    romdata   0x300006    program   0x000001
    .config_300008_main.o    romdata   0x300008    program   0x000001
                MATH_DATA      udata   0x000000       data   0x000010
                 .tmpdata      udata   0x000010       data   0x000004
                DELAYDAT1      udata   0x000014       data   0x000001
           .udata_c018i.o      udata   0x000060       data   0x00000a
            .idata_main.o      idata   0x00006a       data   0x00000a
       .idata_heartBeat.o      idata   0x000074       data   0x000001
        .idata_fxd3232u.o      idata   0x000075       data   0x000000
          .udata_u1open.o      udata   0x000075       data   0x000000
          .idata_u1open.o      idata   0x000075       data   0x000000
          .udata_u2open.o      udata   0x000075       data   0x000000
          .idata_u2open.o      idata   0x000075       data   0x000000
          .udata_t0open.o      udata   0x000075       data   0x000000
          .idata_t0open.o      idata   0x000075       data   0x000000
          .udata_u1read.o      udata   0x000075       data   0x000000
          .idata_u1read.o      idata   0x000075       data   0x000000
          .udata_u2read.o      udata   0x000075       data   0x000000
          .idata_u2read.o      idata   0x000075       data   0x000000
          .idata_u1defs.o      idata   0x000075       data   0x000000
          .idata_u2defs.o      idata   0x000075       data   0x000000
         .udata_t0write.o      udata   0x000075       data   0x000000
         .idata_t0write.o      idata   0x000075       data   0x000000
         .udata_t1write.o      udata   0x000075       data   0x000000
         .idata_t1write.o      idata   0x000075       data   0x000000
         .udata_t3write.o      udata   0x000075       data   0x000000
         .idata_t3write.o      idata   0x000075       data   0x000000
          .udata___init.o      udata   0x000075       data   0x000000
          .idata___init.o      idata   0x000075       data   0x000000
        .udata_fxd3232u.o      udata   0x000075       data   0x000000
           .idata_c018i.o      idata   0x000075       data   0x000000
             .udata_app.o      udata   0x000075       data   0x000000
             .idata_app.o      idata   0x000075       data   0x000000
            .idata_uart.o      idata   0x000075       data   0x000000
            .udata_uart.o      udata   0x000075       data   0x000000
            .idata_ECAN.o      idata   0x000075       data   0x000000
           .idata_board.o      idata   0x000075       data   0x000000
       .udata_heartBeat.o      udata   0x000075       data   0x000000
           .udata_timer.o      udata   0x000075       data   0x000000
 .udata_interruptvector.o      udata   0x000075       data   0x000000
            .udata_main.o      udata   0x000075       data   0x000000
 .idata_interruptvector.o      idata   0x000075       data   0x000000
                 UARTDATA      idata   0x000400       data   0x0001ec
                   .stack      udata   0x000d00       data   0x000100
           .idata_timer.o      idata   0x000e00       data   0x00001c
                 APP_DATA      idata   0x000e1c       data   0x000015
            .udata_ECAN.o      udata   0x000e31       data   0x00000d
          .udata_u2defs.o      udata   0x000e3e       data   0x000001
          .udata_u1defs.o      udata   0x000e3f       data   0x000001
           .udata_board.o      udata   0x000e40       data   0x000001
              SFR_BANKED0      udata   0x000e41       data   0x0000bf
              SFR_BANKED1      udata   0x000f00       data   0x000040
              SFR_BANKED2      udata   0x000f47       data   0x000019
            SFR_UNBANKED0      udata   0x000f60       data   0x0000a0



                              Program Memory Usage 
                               Start         End      
                           ---------   ---------      
                            0x000000    0x00149d      
                            0x300000    0x300003      
                            0x300005    0x300006      
                            0x300008    0x300008      
            5285 out of 33816 program addresses used, program memory utilization is 15%



                              Symbols - Sorted by Name
                     Name    Address   Location    Storage File                     
                ---------  ---------  ---------  --------- ---------                
          APP_comCallBack   0x000d44    program     extern C:\Users\JO\Desktop\PIC_CAN\pic18f25k80_test - polling\source\app.c
                 APP_init   0x000c92    program     extern C:\Users\JO\Desktop\PIC_CAN\pic18f25k80_test - polling\source\app.c
                 APP_task   0x000ca8    program     extern C:\Users\JO\Desktop\PIC_CAN\pic18f25k80_test - polling\source\app.c
                 BRD_init   0x000e40    program     extern C:\Users\JO\Desktop\PIC_CAN\pic18f25k80_test - polling\source\board.c
                    D1K_1   0x00120c    program     static E:\c18v3.46\pic18-lt\cxx-framework\src\traditional\delays\d1ktcyx.asm
                     D1Kx   0x00120a    program     static E:\c18v3.46\pic18-lt\cxx-framework\src\traditional\delays\d1ktcyx.asm
              Delay1KTCYx   0x001200    program     extern E:\c18v3.46\pic18-lt\cxx-framework\src\traditional\delays\d1ktcyx.asm
             ECAN_Receive   0x000b78    program     extern C:\Users\JO\Desktop\PIC_CAN\pic18f25k80_test - polling\source\ECAN.c
            ECAN_Transmit   0x000c62    program     extern C:\Users\JO\Desktop\PIC_CAN\pic18f25k80_test - polling\source\ECAN.c
         EnableInterrupts   0x000022    program     extern C:\Users\JO\Desktop\PIC_CAN\pic18f25k80_test - polling\source\interruptvector.c
                 FXD3232U   0x00105c    program     extern E:\c18v3.46\pic18-lt\cxx-framework\src\traditional\math\fxd3232u.c
               GetAppTime   0x000a6c    program     extern C:\Users\JO\Desktop\PIC_CAN\pic18f25k80_test - polling\source\timer.c
                  HB_init   0x00125c    program     extern C:\Users\JO\Desktop\PIC_CAN\pic18f25k80_test - polling\source\heartBeat.c
                  HB_task   0x001262    program     extern C:\Users\JO\Desktop\PIC_CAN\pic18f25k80_test - polling\source\heartBeat.c
                 InitECAN   0x000abc    program     extern C:\Users\JO\Desktop\PIC_CAN\pic18f25k80_test - polling\source\ECAN.c
               Open1USART   0x000fea    program     extern E:\c18v3.46\pic18-lt\cxx-framework\src\pmc_common\USART\u1open.c
               Open2USART   0x000f72    program     extern E:\c18v3.46\pic18-lt\cxx-framework\src\pmc_common\USART\u2open.c
               OpenTimer0   0x0011c8    program     extern E:\c18v3.46\pic18-lt\cxx-framework\src\pmc_common\Timers\t0open.c
               Read1USART   0x0010e2    program     extern E:\c18v3.46\pic18-lt\cxx-framework\src\pmc_common\USART\u1read.c
               Read2USART   0x0010a4    program     extern E:\c18v3.46\pic18-lt\cxx-framework\src\pmc_common\USART\u2read.c
                 TMR0_ISR   0x000746    program     extern C:\Users\JO\Desktop\PIC_CAN\pic18f25k80_test - polling\source\timer.c
                TMR0_init   0x0009ac    program     extern C:\Users\JO\Desktop\PIC_CAN\pic18f25k80_test - polling\source\timer.c
                 TMR1_ISR   0x000838    program     extern C:\Users\JO\Desktop\PIC_CAN\pic18f25k80_test - polling\source\timer.c
                TMR1_init   0x0009f2    program     extern C:\Users\JO\Desktop\PIC_CAN\pic18f25k80_test - polling\source\timer.c
                 TMR3_ISR   0x0008f2    program     extern C:\Users\JO\Desktop\PIC_CAN\pic18f25k80_test - polling\source\timer.c
                TMR3_init   0x000a30    program     extern C:\Users\JO\Desktop\PIC_CAN\pic18f25k80_test - polling\source\timer.c
            UART1_hasData   0x00066c    program     extern C:\Users\JO\Desktop\PIC_CAN\pic18f25k80_test - polling\source\uart.c
               UART1_init   0x0001fc    program     extern C:\Users\JO\Desktop\PIC_CAN\pic18f25k80_test - polling\source\uart.c
               UART1_read   0x0006a6    program     extern C:\Users\JO\Desktop\PIC_CAN\pic18f25k80_test - polling\source\uart.c
           UART1_transmit   0x000466    program     extern C:\Users\JO\Desktop\PIC_CAN\pic18f25k80_test - polling\source\uart.c
              UART1_write   0x0003f6    program     extern C:\Users\JO\Desktop\PIC_CAN\pic18f25k80_test - polling\source\uart.c
            UART2_hasData   0x000632    program     extern C:\Users\JO\Desktop\PIC_CAN\pic18f25k80_test - polling\source\uart.c
               UART2_init   0x0002fa    program     extern C:\Users\JO\Desktop\PIC_CAN\pic18f25k80_test - polling\source\uart.c
               UART2_read   0x0006f6    program     extern C:\Users\JO\Desktop\PIC_CAN\pic18f25k80_test - polling\source\uart.c
           UART2_testInit   0x000da0    program     extern C:\Users\JO\Desktop\PIC_CAN\pic18f25k80_test - polling\source\app.c
           UART2_transmit   0x00054c    program     extern C:\Users\JO\Desktop\PIC_CAN\pic18f25k80_test - polling\source\uart.c
              UART2_write   0x00042e    program     extern C:\Users\JO\Desktop\PIC_CAN\pic18f25k80_test - polling\source\uart.c
     Uart1_ReceiveHandler   0x000068    program     extern C:\Users\JO\Desktop\PIC_CAN\pic18f25k80_test - polling\source\uart.c
     Uart2_ReceiveHandler   0x000132    program     extern C:\Users\JO\Desktop\PIC_CAN\pic18f25k80_test - polling\source\uart.c
              WriteTimer0   0x001190    program     extern E:\c18v3.46\pic18-lt\cxx-framework\src\pmc_common\Timers\t0write.c
              WriteTimer1   0x001158    program     extern E:\c18v3.46\pic18-lt\cxx-framework\src\pmc_common\Timers\t1write.c
              WriteTimer3   0x001120    program     extern E:\c18v3.46\pic18-lt\cxx-framework\src\pmc_common\Timers\t3write.c
        _D1KTCYXCODE_0010   0x001210    program     static E:\c18v3.46\pic18-lt\cxx-framework\src\traditional\delays\d1ktcyx.asm
        _D1KTCYXCODE_0016   0x001216    program     static E:\c18v3.46\pic18-lt\cxx-framework\src\traditional\delays\d1ktcyx.asm
           ___if_lbl00001   0x000010    program     static                          
           ___if_lbl00002   0x000018    program     static                          
           ___if_lbl00003   0x000020    program     static                          
       ___return_lbl00000   0x000020    program     static                          
       ___return_lbl00000   0x0010a2    program     static                          
       ___return_lbl00000   0x000004    program     static                          
       ___return_lbl00001   0x00125a    program     static                          
       ___return_lbl00002   0x000e3e    program     static                          
               __config_0   0x300000    program     static C:\Users\JO\Desktop\PIC_CAN\pic18f25k80_test - polling\source\main.c
               __config_1   0x300001    program     static C:\Users\JO\Desktop\PIC_CAN\pic18f25k80_test - polling\source\main.c
               __config_2   0x300002    program     static C:\Users\JO\Desktop\PIC_CAN\pic18f25k80_test - polling\source\main.c
               __config_3   0x300003    program     static C:\Users\JO\Desktop\PIC_CAN\pic18f25k80_test - polling\source\main.c
               __config_4   0x300005    program     static C:\Users\JO\Desktop\PIC_CAN\pic18f25k80_test - polling\source\main.c
               __config_5   0x300006    program     static C:\Users\JO\Desktop\PIC_CAN\pic18f25k80_test - polling\source\main.c
               __config_6   0x300008    program     static C:\Users\JO\Desktop\PIC_CAN\pic18f25k80_test - polling\source\main.c
                   __init   0x000006    program     extern E:\c18v3.46\pic18-lt\cxx-framework\src\traditional\stdclib\__init.c
            __zero_memory   0x001220    program     extern E:\c18v3.46\pic18-lt\cxx-framework\src\traditional\proc\p18f25k80.asm
                _do_cinit   0x000da2    program     extern E:\c18v3.46\pic18-lt\cxx-framework\src\traditional\startup\c018i.c
                   _entry   0x000000    program     extern E:\c18v3.46\pic18-lt\cxx-framework\src\traditional\startup\c018i.c
                   _false   0x00109e    program     static                          
                 _startup   0x001240    program     extern E:\c18v3.46\pic18-lt\cxx-framework\src\traditional\startup\c018i.c
                compare_l   0x001236    program     static E:\c18v3.46\pic18-lt\cxx-framework\src\traditional\proc\p18f25k80.asm
                copy_loop   0x000e14    program     static                          
            copy_one_byte   0x000e1a    program     static                          
                     done   0x000e3e    program     static                          
             done_copying   0x000e28    program     static                          
           high_interrupt   0x000008    program     extern C:\Users\JO\Desktop\PIC_CAN\pic18f25k80_test - polling\source\interruptvector.c
                     loop   0x00106a    program     static                          
                     loop   0x001250    program     static                          
                   loop_h   0x00122e    program     static E:\c18v3.46\pic18-lt\cxx-framework\src\traditional\proc\p18f25k80.asm
                   loop_l   0x001238    program     static E:\c18v3.46\pic18-lt\cxx-framework\src\traditional\proc\p18f25k80.asm
                     main   0x000edc    program     extern C:\Users\JO\Desktop\PIC_CAN\pic18f25k80_test - polling\source\main.c
                     test   0x000dbc    program     static                          
               zero_block   0x00122e    program     static E:\c18v3.46\pic18-lt\cxx-framework\src\traditional\proc\p18f25k80.asm
                   ADCON0   0x000fc2       data     extern E:\c18v3.46\pic18-lt\cxx-framework\src\traditional\proc\p18f25k80.asm
               ADCON0bits   0x000fc2       data     extern E:\c18v3.46\pic18-lt\cxx-framework\src\traditional\proc\p18f25k80.asm
                   ADCON1   0x000fc1       data     extern E:\c18v3.46\pic18-lt\cxx-framework\src\traditional\proc\p18f25k80.asm
               ADCON1bits   0x000fc1       data     extern E:\c18v3.46\pic18-lt\cxx-framework\src\traditional\proc\p18f25k80.asm
                   ADCON2   0x000fc0       data     extern E:\c18v3.46\pic18-lt\cxx-framework\src\traditional\proc\p18f25k80.asm
               ADCON2bits   0x000fc0       data     extern E:\c18v3.46\pic18-lt\cxx-framework\src\traditional\proc\p18f25k80.asm
                    ADRES   0x000fc3       data     extern E:\c18v3.46\pic18-lt\cxx-framework\src\traditional\proc\p18f25k80.asm
                   ADRESH   0x000fc4       data     extern E:\c18v3.46\pic18-lt\cxx-framework\src\traditional\proc\p18f25k80.asm
                   ADRESL   0x000fc3       data     extern E:\c18v3.46\pic18-lt\cxx-framework\src\traditional\proc\p18f25k80.asm
                   ANCON0   0x000f5d       data     extern E:\c18v3.46\pic18-lt\cxx-framework\src\traditional\proc\p18f25k80.asm
               ANCON0bits   0x000f5d       data     extern E:\c18v3.46\pic18-lt\cxx-framework\src\traditional\proc\p18f25k80.asm
                   ANCON1   0x000f5c       data     extern E:\c18v3.46\pic18-lt\cxx-framework\src\traditional\proc\p18f25k80.asm
               ANCON1bits   0x000f5c       data     extern E:\c18v3.46\pic18-lt\cxx-framework\src\traditional\proc\p18f25k80.asm
             AppTimestamp   0x000e18       data     extern C:\Users\JO\Desktop\PIC_CAN\pic18f25k80_test - polling\source\timer.c
                    B0CON   0x000e80       data     extern E:\c18v3.46\pic18-lt\cxx-framework\src\traditional\proc\p18f25k80.asm
                B0CONbits   0x000e80       data     extern E:\c18v3.46\pic18-lt\cxx-framework\src\traditional\proc\p18f25k80.asm
                     B0D0   0x000e86       data     extern E:\c18v3.46\pic18-lt\cxx-framework\src\traditional\proc\p18f25k80.asm
                 B0D0bits   0x000e86       data     extern E:\c18v3.46\pic18-lt\cxx-framework\src\traditional\proc\p18f25k80.asm
                     B0D1   0x000e87       data     extern E:\c18v3.46\pic18-lt\cxx-framework\src\traditional\proc\p18f25k80.asm
                 B0D1bits   0x000e87       data     extern E:\c18v3.46\pic18-lt\cxx-framework\src\traditional\proc\p18f25k80.asm
                     B0D2   0x000e88       data     extern E:\c18v3.46\pic18-lt\cxx-framework\src\traditional\proc\p18f25k80.asm
                 B0D2bits   0x000e88       data     extern E:\c18v3.46\pic18-lt\cxx-framework\src\traditional\proc\p18f25k80.asm
                     B0D3   0x000e89       data     extern E:\c18v3.46\pic18-lt\cxx-framework\src\traditional\proc\p18f25k80.asm
                 B0D3bits   0x000e89       data     extern E:\c18v3.46\pic18-lt\cxx-framework\src\traditional\proc\p18f25k80.asm
                     B0D4   0x000e8a       data     extern E:\c18v3.46\pic18-lt\cxx-framework\src\traditional\proc\p18f25k80.asm
                 B0D4bits   0x000e8a       data     extern E:\c18v3.46\pic18-lt\cxx-framework\src\traditional\proc\p18f25k80.asm
                     B0D5   0x000e8b       data     extern E:\c18v3.46\pic18-lt\cxx-framework\src\traditional\proc\p18f25k80.asm
                 B0D5bits   0x000e8b       data     extern E:\c18v3.46\pic18-lt\cxx-framework\src\traditional\proc\p18f25k80.asm
                     B0D6   0x000e8c       data     extern E:\c18v3.46\pic18-lt\cxx-framework\src\traditional\proc\p18f25k80.asm
                 B0D6bits   0x000e8c       data     extern E:\c18v3.46\pic18-lt\cxx-framework\src\traditional\proc\p18f25k80.asm
                     B0D7   0x000e8d       data     extern E:\c18v3.46\pic18-lt\cxx-framework\src\traditional\proc\p18f25k80.asm
                 B0D7bits   0x000e8d       data     extern E:\c18v3.46\pic18-lt\cxx-framework\src\traditional\proc\p18f25k80.asm
                    B0DLC   0x000e85       data     extern E:\c18v3.46\pic18-lt\cxx-framework\src\traditional\proc\p18f25k80.asm
                B0DLCbits   0x000e85       data     extern E:\c18v3.46\pic18-lt\cxx-framework\src\traditional\proc\p18f25k80.asm
                   B0EIDH   0x000e83       data     extern E:\c18v3.46\pic18-lt\cxx-framework\src\traditional\proc\p18f25k80.asm
               B0EIDHbits   0x000e83       data     extern E:\c18v3.46\pic18-lt\cxx-framework\src\traditional\proc\p18f25k80.asm
                   B0EIDL   0x000e84       data     extern E:\c18v3.46\pic18-lt\cxx-framework\src\traditional\proc\p18f25k80.asm
               B0EIDLbits   0x000e84       data     extern E:\c18v3.46\pic18-lt\cxx-framework\src\traditional\proc\p18f25k80.asm
                   B0SIDH   0x000e81       data     extern E:\c18v3.46\pic18-lt\cxx-framework\src\traditional\proc\p18f25k80.asm
               B0SIDHbits   0x000e81       data     extern E:\c18v3.46\pic18-lt\cxx-framework\src\traditional\proc\p18f25k80.asm
                   B0SIDL   0x000e82       data     extern E:\c18v3.46\pic18-lt\cxx-framework\src\traditional\proc\p18f25k80.asm
               B0SIDLbits   0x000e82       data     extern E:\c18v3.46\pic18-lt\cxx-framework\src\traditional\proc\p18f25k80.asm
                    B1CON   0x000e90       data     extern E:\c18v3.46\pic18-lt\cxx-framework\src\traditional\proc\p18f25k80.asm
                B1CONbits   0x000e90       data     extern E:\c18v3.46\pic18-lt\cxx-framework\src\traditional\proc\p18f25k80.asm
                     B1D0   0x000e96       data     extern E:\c18v3.46\pic18-lt\cxx-framework\src\traditional\proc\p18f25k80.asm
                 B1D0bits   0x000e96       data     extern E:\c18v3.46\pic18-lt\cxx-framework\src\traditional\proc\p18f25k80.asm
                     B1D1   0x000e97       data     extern E:\c18v3.46\pic18-lt\cxx-framework\src\traditional\proc\p18f25k80.asm
                 B1D1bits   0x000e97       data     extern E:\c18v3.46\pic18-lt\cxx-framework\src\traditional\proc\p18f25k80.asm
                     B1D2   0x000e98       data     extern E:\c18v3.46\pic18-lt\cxx-framework\src\traditional\proc\p18f25k80.asm
                 B1D2bits   0x000e98       data     extern E:\c18v3.46\pic18-lt\cxx-framework\src\traditional\proc\p18f25k80.asm
                     B1D3   0x000e99       data     extern E:\c18v3.46\pic18-lt\cxx-framework\src\traditional\proc\p18f25k80.asm
                 B1D3bits   0x000e99       data     extern E:\c18v3.46\pic18-lt\cxx-framework\src\traditional\proc\p18f25k80.asm
                     B1D4   0x000e9a       data     extern E:\c18v3.46\pic18-lt\cxx-framework\src\traditional\proc\p18f25k80.asm
                 B1D4bits   0x000e9a       data     extern E:\c18v3.46\pic18-lt\cxx-framework\src\traditional\proc\p18f25k80.asm
                     B1D5   0x000e9b       data     extern E:\c18v3.46\pic18-lt\cxx-framework\src\traditional\proc\p18f25k80.asm
                 B1D5bits   0x000e9b       data     extern E:\c18v3.46\pic18-lt\cxx-framework\src\traditional\proc\p18f25k80.asm
                     B1D6   0x000e9c       data     extern E:\c18v3.46\pic18-lt\cxx-framework\src\traditional\proc\p18f25k80.asm
                 B1D6bits   0x000e9c       data     extern E:\c18v3.46\pic18-lt\cxx-framework\src\traditional\proc\p18f25k80.asm
                     B1D7   0x000e9d       data     extern E:\c18v3.46\pic18-lt\cxx-framework\src\traditional\proc\p18f25k80.asm
                 B1D7bits   0x000e9d       data     extern E:\c18v3.46\pic18-lt\cxx-framework\src\traditional\proc\p18f25k80.asm
                    B1DLC   0x000e95       data     extern E:\c18v3.46\pic18-lt\cxx-framework\src\traditional\proc\p18f25k80.asm
                B1DLCbits   0x000e95       data     extern E:\c18v3.46\pic18-lt\cxx-framework\src\traditional\proc\p18f25k80.asm
                   B1EIDH   0x000e93       data     extern E:\c18v3.46\pic18-lt\cxx-framework\src\traditional\proc\p18f25k80.asm
               B1EIDHbits   0x000e93       data     extern E:\c18v3.46\pic18-lt\cxx-framework\src\traditional\proc\p18f25k80.asm
                   B1EIDL   0x000e94       data     extern E:\c18v3.46\pic18-lt\cxx-framework\src\traditional\proc\p18f25k80.asm
               B1EIDLbits   0x000e94       data     extern E:\c18v3.46\pic18-lt\cxx-framework\src\traditional\proc\p18f25k80.asm
                   B1SIDH   0x000e91       data     extern E:\c18v3.46\pic18-lt\cxx-framework\src\traditional\proc\p18f25k80.asm
               B1SIDHbits   0x000e91       data     extern E:\c18v3.46\pic18-lt\cxx-framework\src\traditional\proc\p18f25k80.asm
                   B1SIDL   0x000e92       data     extern E:\c18v3.46\pic18-lt\cxx-framework\src\traditional\proc\p18f25k80.asm
               B1SIDLbits   0x000e92       data     extern E:\c18v3.46\pic18-lt\cxx-framework\src\traditional\proc\p18f25k80.asm
                    B2CON   0x000ea0       data     extern E:\c18v3.46\pic18-lt\cxx-framework\src\traditional\proc\p18f25k80.asm
                B2CONbits   0x000ea0       data     extern E:\c18v3.46\pic18-lt\cxx-framework\src\traditional\proc\p18f25k80.asm
                     B2D0   0x000ea6       data     extern E:\c18v3.46\pic18-lt\cxx-framework\src\traditional\proc\p18f25k80.asm
                 B2D0bits   0x000ea6       data     extern E:\c18v3.46\pic18-lt\cxx-framework\src\traditional\proc\p18f25k80.asm
                     B2D1   0x000ea7       data     extern E:\c18v3.46\pic18-lt\cxx-framework\src\traditional\proc\p18f25k80.asm
                 B2D1bits   0x000ea7       data     extern E:\c18v3.46\pic18-lt\cxx-framework\src\traditional\proc\p18f25k80.asm
                     B2D2   0x000ea8       data     extern E:\c18v3.46\pic18-lt\cxx-framework\src\traditional\proc\p18f25k80.asm
                 B2D2bits   0x000ea8       data     extern E:\c18v3.46\pic18-lt\cxx-framework\src\traditional\proc\p18f25k80.asm
                     B2D3   0x000ea9       data     extern E:\c18v3.46\pic18-lt\cxx-framework\src\traditional\proc\p18f25k80.asm
                 B2D3bits   0x000ea9       data     extern E:\c18v3.46\pic18-lt\cxx-framework\src\traditional\proc\p18f25k80.asm
                     B2D4   0x000eaa       data     extern E:\c18v3.46\pic18-lt\cxx-framework\src\traditional\proc\p18f25k80.asm
                 B2D4bits   0x000eaa       data     extern E:\c18v3.46\pic18-lt\cxx-framework\src\traditional\proc\p18f25k80.asm
                     B2D5   0x000eab       data     extern E:\c18v3.46\pic18-lt\cxx-framework\src\traditional\proc\p18f25k80.asm
                 B2D5bits   0x000eab       data     extern E:\c18v3.46\pic18-lt\cxx-framework\src\traditional\proc\p18f25k80.asm
                     B2D6   0x000eac       data     extern E:\c18v3.46\pic18-lt\cxx-framework\src\traditional\proc\p18f25k80.asm
                 B2D6bits   0x000eac       data     extern E:\c18v3.46\pic18-lt\cxx-framework\src\traditional\proc\p18f25k80.asm
                     B2D7   0x000ead       data     extern E:\c18v3.46\pic18-lt\cxx-framework\src\traditional\proc\p18f25k80.asm
                 B2D7bits   0x000ead       data     extern E:\c18v3.46\pic18-lt\cxx-framework\src\traditional\proc\p18f25k80.asm
                    B2DLC   0x000ea5       data     extern E:\c18v3.46\pic18-lt\cxx-framework\src\traditional\proc\p18f25k80.asm
                B2DLCbits   0x000ea5       data     extern E:\c18v3.46\pic18-lt\cxx-framework\src\traditional\proc\p18f25k80.asm
                   B2EIDH   0x000ea3       data     extern E:\c18v3.46\pic18-lt\cxx-framework\src\traditional\proc\p18f25k80.asm
               B2EIDHbits   0x000ea3       data     extern E:\c18v3.46\pic18-lt\cxx-framework\src\traditional\proc\p18f25k80.asm
                   B2EIDL   0x000ea4       data     extern E:\c18v3.46\pic18-lt\cxx-framework\src\traditional\proc\p18f25k80.asm
               B2EIDLbits   0x000ea4       data     extern E:\c18v3.46\pic18-lt\cxx-framework\src\traditional\proc\p18f25k80.asm
                   B2SIDH   0x000ea1       data     extern E:\c18v3.46\pic18-lt\cxx-framework\src\traditional\proc\p18f25k80.asm
               B2SIDHbits   0x000ea1       data     extern E:\c18v3.46\pic18-lt\cxx-framework\src\traditional\proc\p18f25k80.asm
                   B2SIDL   0x000ea2       data     extern E:\c18v3.46\pic18-lt\cxx-framework\src\traditional\proc\p18f25k80.asm
               B2SIDLbits   0x000ea2       data     extern E:\c18v3.46\pic18-lt\cxx-framework\src\traditional\proc\p18f25k80.asm
                    B3CON   0x000eb0       data     extern E:\c18v3.46\pic18-lt\cxx-framework\src\traditional\proc\p18f25k80.asm
                B3CONbits   0x000eb0       data     extern E:\c18v3.46\pic18-lt\cxx-framework\src\traditional\proc\p18f25k80.asm
                     B3D0   0x000eb6       data     extern E:\c18v3.46\pic18-lt\cxx-framework\src\traditional\proc\p18f25k80.asm
                 B3D0bits   0x000eb6       data     extern E:\c18v3.46\pic18-lt\cxx-framework\src\traditional\proc\p18f25k80.asm
                     B3D1   0x000eb7       data     extern E:\c18v3.46\pic18-lt\cxx-framework\src\traditional\proc\p18f25k80.asm
                 B3D1bits   0x000eb7       data     extern E:\c18v3.46\pic18-lt\cxx-framework\src\traditional\proc\p18f25k80.asm
                     B3D2   0x000eb8       data     extern E:\c18v3.46\pic18-lt\cxx-framework\src\traditional\proc\p18f25k80.asm
                 B3D2bits   0x000eb8       data     extern E:\c18v3.46\pic18-lt\cxx-framework\src\traditional\proc\p18f25k80.asm
                     B3D3   0x000eb9       data     extern E:\c18v3.46\pic18-lt\cxx-framework\src\traditional\proc\p18f25k80.asm
                 B3D3bits   0x000eb9       data     extern E:\c18v3.46\pic18-lt\cxx-framework\src\traditional\proc\p18f25k80.asm
                     B3D4   0x000eba       data     extern E:\c18v3.46\pic18-lt\cxx-framework\src\traditional\proc\p18f25k80.asm
                 B3D4bits   0x000eba       data     extern E:\c18v3.46\pic18-lt\cxx-framework\src\traditional\proc\p18f25k80.asm
                     B3D5   0x000ebb       data     extern E:\c18v3.46\pic18-lt\cxx-framework\src\traditional\proc\p18f25k80.asm
                 B3D5bits   0x000ebb       data     extern E:\c18v3.46\pic18-lt\cxx-framework\src\traditional\proc\p18f25k80.asm
                     B3D6   0x000ebc       data     extern E:\c18v3.46\pic18-lt\cxx-framework\src\traditional\proc\p18f25k80.asm
                 B3D6bits   0x000ebc       data     extern E:\c18v3.46\pic18-lt\cxx-framework\src\traditional\proc\p18f25k80.asm
                     B3D7   0x000ebd       data     extern E:\c18v3.46\pic18-lt\cxx-framework\src\traditional\proc\p18f25k80.asm
                 B3D7bits   0x000ebd       data     extern E:\c18v3.46\pic18-lt\cxx-framework\src\traditional\proc\p18f25k80.asm
                    B3DLC   0x000eb5       data     extern E:\c18v3.46\pic18-lt\cxx-framework\src\traditional\proc\p18f25k80.asm
                B3DLCbits   0x000eb5       data     extern E:\c18v3.46\pic18-lt\cxx-framework\src\traditional\proc\p18f25k80.asm
                   B3EIDH   0x000eb3       data     extern E:\c18v3.46\pic18-lt\cxx-framework\src\traditional\proc\p18f25k80.asm
               B3EIDHbits   0x000eb3       data     extern E:\c18v3.46\pic18-lt\cxx-framework\src\traditional\proc\p18f25k80.asm
                   B3EIDL   0x000eb4       data     extern E:\c18v3.46\pic18-lt\cxx-framework\src\traditional\proc\p18f25k80.asm
               B3EIDLbits   0x000eb4       data     extern E:\c18v3.46\pic18-lt\cxx-framework\src\traditional\proc\p18f25k80.asm
                   B3SIDH   0x000eb1       data     extern E:\c18v3.46\pic18-lt\cxx-framework\src\traditional\proc\p18f25k80.asm
               B3SIDHbits   0x000eb1       data     extern E:\c18v3.46\pic18-lt\cxx-framework\src\traditional\proc\p18f25k80.asm
                   B3SIDL   0x000eb2       data     extern E:\c18v3.46\pic18-lt\cxx-framework\src\traditional\proc\p18f25k80.asm
               B3SIDLbits   0x000eb2       data     extern E:\c18v3.46\pic18-lt\cxx-framework\src\traditional\proc\p18f25k80.asm
                    B4CON   0x000ec0       data     extern E:\c18v3.46\pic18-lt\cxx-framework\src\traditional\proc\p18f25k80.asm
                B4CONbits   0x000ec0       data     extern E:\c18v3.46\pic18-lt\cxx-framework\src\traditional\proc\p18f25k80.asm
                     B4D0   0x000ec6       data     extern E:\c18v3.46\pic18-lt\cxx-framework\src\traditional\proc\p18f25k80.asm
                 B4D0bits   0x000ec6       data     extern E:\c18v3.46\pic18-lt\cxx-framework\src\traditional\proc\p18f25k80.asm
                     B4D1   0x000ec7       data     extern E:\c18v3.46\pic18-lt\cxx-framework\src\traditional\proc\p18f25k80.asm
                 B4D1bits   0x000ec7       data     extern E:\c18v3.46\pic18-lt\cxx-framework\src\traditional\proc\p18f25k80.asm
                     B4D2   0x000ec8       data     extern E:\c18v3.46\pic18-lt\cxx-framework\src\traditional\proc\p18f25k80.asm
                 B4D2bits   0x000ec8       data     extern E:\c18v3.46\pic18-lt\cxx-framework\src\traditional\proc\p18f25k80.asm
                     B4D3   0x000ec9       data     extern E:\c18v3.46\pic18-lt\cxx-framework\src\traditional\proc\p18f25k80.asm
                 B4D3bits   0x000ec9       data     extern E:\c18v3.46\pic18-lt\cxx-framework\src\traditional\proc\p18f25k80.asm
                     B4D4   0x000eca       data     extern E:\c18v3.46\pic18-lt\cxx-framework\src\traditional\proc\p18f25k80.asm
                 B4D4bits   0x000eca       data     extern E:\c18v3.46\pic18-lt\cxx-framework\src\traditional\proc\p18f25k80.asm
                     B4D5   0x000ecb       data     extern E:\c18v3.46\pic18-lt\cxx-framework\src\traditional\proc\p18f25k80.asm
                 B4D5bits   0x000ecb       data     extern E:\c18v3.46\pic18-lt\cxx-framework\src\traditional\proc\p18f25k80.asm
                     B4D6   0x000ecc       data     extern E:\c18v3.46\pic18-lt\cxx-framework\src\traditional\proc\p18f25k80.asm
                 B4D6bits   0x000ecc       data     extern E:\c18v3.46\pic18-lt\cxx-framework\src\traditional\proc\p18f25k80.asm
                     B4D7   0x000ecd       data     extern E:\c18v3.46\pic18-lt\cxx-framework\src\traditional\proc\p18f25k80.asm
                 B4D7bits   0x000ecd       data     extern E:\c18v3.46\pic18-lt\cxx-framework\src\traditional\proc\p18f25k80.asm
                    B4DLC   0x000ec5       data     extern E:\c18v3.46\pic18-lt\cxx-framework\src\traditional\proc\p18f25k80.asm
                B4DLCbits   0x000ec5       data     extern E:\c18v3.46\pic18-lt\cxx-framework\src\traditional\proc\p18f25k80.asm
                   B4EIDH   0x000ec3       data     extern E:\c18v3.46\pic18-lt\cxx-framework\src\traditional\proc\p18f25k80.asm
               B4EIDHbits   0x000ec3       data     extern E:\c18v3.46\pic18-lt\cxx-framework\src\traditional\proc\p18f25k80.asm
                   B4EIDL   0x000ec4       data     extern E:\c18v3.46\pic18-lt\cxx-framework\src\traditional\proc\p18f25k80.asm
               B4EIDLbits   0x000ec4       data     extern E:\c18v3.46\pic18-lt\cxx-framework\src\traditional\proc\p18f25k80.asm
                   B4SIDH   0x000ec1       data     extern E:\c18v3.46\pic18-lt\cxx-framework\src\traditional\proc\p18f25k80.asm
               B4SIDHbits   0x000ec1       data     extern E:\c18v3.46\pic18-lt\cxx-framework\src\traditional\proc\p18f25k80.asm
                   B4SIDL   0x000ec2       data     extern E:\c18v3.46\pic18-lt\cxx-framework\src\traditional\proc\p18f25k80.asm
               B4SIDLbits   0x000ec2       data     extern E:\c18v3.46\pic18-lt\cxx-framework\src\traditional\proc\p18f25k80.asm
                    B5CON   0x000ed0       data     extern E:\c18v3.46\pic18-lt\cxx-framework\src\traditional\proc\p18f25k80.asm
                B5CONbits   0x000ed0       data     extern E:\c18v3.46\pic18-lt\cxx-framework\src\traditional\proc\p18f25k80.asm
                     B5D0   0x000ed6       data     extern E:\c18v3.46\pic18-lt\cxx-framework\src\traditional\proc\p18f25k80.asm
                 B5D0bits   0x000ed6       data     extern E:\c18v3.46\pic18-lt\cxx-framework\src\traditional\proc\p18f25k80.asm
                     B5D1   0x000ed7       data     extern E:\c18v3.46\pic18-lt\cxx-framework\src\traditional\proc\p18f25k80.asm
                 B5D1bits   0x000ed7       data     extern E:\c18v3.46\pic18-lt\cxx-framework\src\traditional\proc\p18f25k80.asm
                     B5D2   0x000ed8       data     extern E:\c18v3.46\pic18-lt\cxx-framework\src\traditional\proc\p18f25k80.asm
                 B5D2bits   0x000ed8       data     extern E:\c18v3.46\pic18-lt\cxx-framework\src\traditional\proc\p18f25k80.asm
                     B5D3   0x000ed9       data     extern E:\c18v3.46\pic18-lt\cxx-framework\src\traditional\proc\p18f25k80.asm
                 B5D3bits   0x000ed9       data     extern E:\c18v3.46\pic18-lt\cxx-framework\src\traditional\proc\p18f25k80.asm
                     B5D4   0x000eda       data     extern E:\c18v3.46\pic18-lt\cxx-framework\src\traditional\proc\p18f25k80.asm
                 B5D4bits   0x000eda       data     extern E:\c18v3.46\pic18-lt\cxx-framework\src\traditional\proc\p18f25k80.asm
                     B5D5   0x000edb       data     extern E:\c18v3.46\pic18-lt\cxx-framework\src\traditional\proc\p18f25k80.asm
                 B5D5bits   0x000edb       data     extern E:\c18v3.46\pic18-lt\cxx-framework\src\traditional\proc\p18f25k80.asm
                     B5D6   0x000edc       data     extern E:\c18v3.46\pic18-lt\cxx-framework\src\traditional\proc\p18f25k80.asm
                 B5D6bits   0x000edc       data     extern E:\c18v3.46\pic18-lt\cxx-framework\src\traditional\proc\p18f25k80.asm
                     B5D7   0x000edd       data     extern E:\c18v3.46\pic18-lt\cxx-framework\src\traditional\proc\p18f25k80.asm
                 B5D7bits   0x000edd       data     extern E:\c18v3.46\pic18-lt\cxx-framework\src\traditional\proc\p18f25k80.asm
                    B5DLC   0x000ed5       data     extern E:\c18v3.46\pic18-lt\cxx-framework\src\traditional\proc\p18f25k80.asm
                B5DLCbits   0x000ed5       data     extern E:\c18v3.46\pic18-lt\cxx-framework\src\traditional\proc\p18f25k80.asm
                   B5EIDH   0x000ed3       data     extern E:\c18v3.46\pic18-lt\cxx-framework\src\traditional\proc\p18f25k80.asm
               B5EIDHbits   0x000ed3       data     extern E:\c18v3.46\pic18-lt\cxx-framework\src\traditional\proc\p18f25k80.asm
                   B5EIDL   0x000ed4       data     extern E:\c18v3.46\pic18-lt\cxx-framework\src\traditional\proc\p18f25k80.asm
               B5EIDLbits   0x000ed4       data     extern E:\c18v3.46\pic18-lt\cxx-framework\src\traditional\proc\p18f25k80.asm
                   B5SIDH   0x000ed1       data     extern E:\c18v3.46\pic18-lt\cxx-framework\src\traditional\proc\p18f25k80.asm
               B5SIDHbits   0x000ed1       data     extern E:\c18v3.46\pic18-lt\cxx-framework\src\traditional\proc\p18f25k80.asm
                   B5SIDL   0x000ed2       data     extern E:\c18v3.46\pic18-lt\cxx-framework\src\traditional\proc\p18f25k80.asm
               B5SIDLbits   0x000ed2       data     extern E:\c18v3.46\pic18-lt\cxx-framework\src\traditional\proc\p18f25k80.asm
                 BAUDCON1   0x000fa7       data     extern E:\c18v3.46\pic18-lt\cxx-framework\src\traditional\proc\p18f25k80.asm
             BAUDCON1bits   0x000fa7       data     extern E:\c18v3.46\pic18-lt\cxx-framework\src\traditional\proc\p18f25k80.asm
                 BAUDCON2   0x000fb9       data     extern E:\c18v3.46\pic18-lt\cxx-framework\src\traditional\proc\p18f25k80.asm
             BAUDCON2bits   0x000fb9       data     extern E:\c18v3.46\pic18-lt\cxx-framework\src\traditional\proc\p18f25k80.asm
                     BIE0   0x000e7e       data     extern E:\c18v3.46\pic18-lt\cxx-framework\src\traditional\proc\p18f25k80.asm
                 BIE0bits   0x000e7e       data     extern E:\c18v3.46\pic18-lt\cxx-framework\src\traditional\proc\p18f25k80.asm
                  BRGCON1   0x000e43       data     extern E:\c18v3.46\pic18-lt\cxx-framework\src\traditional\proc\p18f25k80.asm
              BRGCON1bits   0x000e43       data     extern E:\c18v3.46\pic18-lt\cxx-framework\src\traditional\proc\p18f25k80.asm
                  BRGCON2   0x000e44       data     extern E:\c18v3.46\pic18-lt\cxx-framework\src\traditional\proc\p18f25k80.asm
              BRGCON2bits   0x000e44       data     extern E:\c18v3.46\pic18-lt\cxx-framework\src\traditional\proc\p18f25k80.asm
                  BRGCON3   0x000e45       data     extern E:\c18v3.46\pic18-lt\cxx-framework\src\traditional\proc\p18f25k80.asm
              BRGCON3bits   0x000e45       data     extern E:\c18v3.46\pic18-lt\cxx-framework\src\traditional\proc\p18f25k80.asm
                    BSEL0   0x000e7d       data     extern E:\c18v3.46\pic18-lt\cxx-framework\src\traditional\proc\p18f25k80.asm
                BSEL0bits   0x000e7d       data     extern E:\c18v3.46\pic18-lt\cxx-framework\src\traditional\proc\p18f25k80.asm
                      BSR   0x000fe0       data     extern E:\c18v3.46\pic18-lt\cxx-framework\src\traditional\proc\p18f25k80.asm
                  BSRbits   0x000fe0       data     extern E:\c18v3.46\pic18-lt\cxx-framework\src\traditional\proc\p18f25k80.asm
                   CANCON   0x000f6f       data     extern E:\c18v3.46\pic18-lt\cxx-framework\src\traditional\proc\p18f25k80.asm
               CANCON_RO0   0x000f3f       data     extern E:\c18v3.46\pic18-lt\cxx-framework\src\traditional\proc\p18f25k80.asm
           CANCON_RO0bits   0x000f3f       data     extern E:\c18v3.46\pic18-lt\cxx-framework\src\traditional\proc\p18f25k80.asm
               CANCON_RO1   0x000f2f       data     extern E:\c18v3.46\pic18-lt\cxx-framework\src\traditional\proc\p18f25k80.asm
           CANCON_RO1bits   0x000f2f       data     extern E:\c18v3.46\pic18-lt\cxx-framework\src\traditional\proc\p18f25k80.asm
               CANCON_RO2   0x000f1f       data     extern E:\c18v3.46\pic18-lt\cxx-framework\src\traditional\proc\p18f25k80.asm
           CANCON_RO2bits   0x000f1f       data     extern E:\c18v3.46\pic18-lt\cxx-framework\src\traditional\proc\p18f25k80.asm
               CANCON_RO3   0x000f0f       data     extern E:\c18v3.46\pic18-lt\cxx-framework\src\traditional\proc\p18f25k80.asm
           CANCON_RO3bits   0x000f0f       data     extern E:\c18v3.46\pic18-lt\cxx-framework\src\traditional\proc\p18f25k80.asm
               CANCON_RO4   0x000edf       data     extern E:\c18v3.46\pic18-lt\cxx-framework\src\traditional\proc\p18f25k80.asm
           CANCON_RO4bits   0x000edf       data     extern E:\c18v3.46\pic18-lt\cxx-framework\src\traditional\proc\p18f25k80.asm
               CANCON_RO5   0x000ecf       data     extern E:\c18v3.46\pic18-lt\cxx-framework\src\traditional\proc\p18f25k80.asm
           CANCON_RO5bits   0x000ecf       data     extern E:\c18v3.46\pic18-lt\cxx-framework\src\traditional\proc\p18f25k80.asm
               CANCON_RO6   0x000ebf       data     extern E:\c18v3.46\pic18-lt\cxx-framework\src\traditional\proc\p18f25k80.asm
           CANCON_RO6bits   0x000ebf       data     extern E:\c18v3.46\pic18-lt\cxx-framework\src\traditional\proc\p18f25k80.asm
               CANCON_RO7   0x000eaf       data     extern E:\c18v3.46\pic18-lt\cxx-framework\src\traditional\proc\p18f25k80.asm
           CANCON_RO7bits   0x000eaf       data     extern E:\c18v3.46\pic18-lt\cxx-framework\src\traditional\proc\p18f25k80.asm
               CANCON_RO8   0x000e9f       data     extern E:\c18v3.46\pic18-lt\cxx-framework\src\traditional\proc\p18f25k80.asm
           CANCON_RO8bits   0x000e9f       data     extern E:\c18v3.46\pic18-lt\cxx-framework\src\traditional\proc\p18f25k80.asm
               CANCON_RO9   0x000e8f       data     extern E:\c18v3.46\pic18-lt\cxx-framework\src\traditional\proc\p18f25k80.asm
           CANCON_RO9bits   0x000e8f       data     extern E:\c18v3.46\pic18-lt\cxx-framework\src\traditional\proc\p18f25k80.asm
               CANCONbits   0x000f6f       data     extern E:\c18v3.46\pic18-lt\cxx-framework\src\traditional\proc\p18f25k80.asm
                  CANSTAT   0x000f6e       data     extern E:\c18v3.46\pic18-lt\cxx-framework\src\traditional\proc\p18f25k80.asm
              CANSTAT_RO0   0x000f3e       data     extern E:\c18v3.46\pic18-lt\cxx-framework\src\traditional\proc\p18f25k80.asm
          CANSTAT_RO0bits   0x000f3e       data     extern E:\c18v3.46\pic18-lt\cxx-framework\src\traditional\proc\p18f25k80.asm
              CANSTAT_RO1   0x000f2e       data     extern E:\c18v3.46\pic18-lt\cxx-framework\src\traditional\proc\p18f25k80.asm
          CANSTAT_RO1bits   0x000f2e       data     extern E:\c18v3.46\pic18-lt\cxx-framework\src\traditional\proc\p18f25k80.asm
              CANSTAT_RO2   0x000f1e       data     extern E:\c18v3.46\pic18-lt\cxx-framework\src\traditional\proc\p18f25k80.asm
          CANSTAT_RO2bits   0x000f1e       data     extern E:\c18v3.46\pic18-lt\cxx-framework\src\traditional\proc\p18f25k80.asm
              CANSTAT_RO3   0x000f0e       data     extern E:\c18v3.46\pic18-lt\cxx-framework\src\traditional\proc\p18f25k80.asm
          CANSTAT_RO3bits   0x000f0e       data     extern E:\c18v3.46\pic18-lt\cxx-framework\src\traditional\proc\p18f25k80.asm
              CANSTAT_RO4   0x000ede       data     extern E:\c18v3.46\pic18-lt\cxx-framework\src\traditional\proc\p18f25k80.asm
          CANSTAT_RO4bits   0x000ede       data     extern E:\c18v3.46\pic18-lt\cxx-framework\src\traditional\proc\p18f25k80.asm
              CANSTAT_RO5   0x000ece       data     extern E:\c18v3.46\pic18-lt\cxx-framework\src\traditional\proc\p18f25k80.asm
          CANSTAT_RO5bits   0x000ece       data     extern E:\c18v3.46\pic18-lt\cxx-framework\src\traditional\proc\p18f25k80.asm
              CANSTAT_RO6   0x000ebe       data     extern E:\c18v3.46\pic18-lt\cxx-framework\src\traditional\proc\p18f25k80.asm
          CANSTAT_RO6bits   0x000ebe       data     extern E:\c18v3.46\pic18-lt\cxx-framework\src\traditional\proc\p18f25k80.asm
              CANSTAT_RO7   0x000eae       data     extern E:\c18v3.46\pic18-lt\cxx-framework\src\traditional\proc\p18f25k80.asm
          CANSTAT_RO7bits   0x000eae       data     extern E:\c18v3.46\pic18-lt\cxx-framework\src\traditional\proc\p18f25k80.asm
              CANSTAT_RO8   0x000e9e       data     extern E:\c18v3.46\pic18-lt\cxx-framework\src\traditional\proc\p18f25k80.asm
          CANSTAT_RO8bits   0x000e9e       data     extern E:\c18v3.46\pic18-lt\cxx-framework\src\traditional\proc\p18f25k80.asm
              CANSTAT_RO9   0x000e8e       data     extern E:\c18v3.46\pic18-lt\cxx-framework\src\traditional\proc\p18f25k80.asm
          CANSTAT_RO9bits   0x000e8e       data     extern E:\c18v3.46\pic18-lt\cxx-framework\src\traditional\proc\p18f25k80.asm
              CANSTATbits   0x000f6e       data     extern E:\c18v3.46\pic18-lt\cxx-framework\src\traditional\proc\p18f25k80.asm
                  CCP1CON   0x000fbb       data     extern E:\c18v3.46\pic18-lt\cxx-framework\src\traditional\proc\p18f25k80.asm
              CCP1CONbits   0x000fbb       data     extern E:\c18v3.46\pic18-lt\cxx-framework\src\traditional\proc\p18f25k80.asm
                  CCP2CON   0x000f50       data     extern E:\c18v3.46\pic18-lt\cxx-framework\src\traditional\proc\p18f25k80.asm
              CCP2CONbits   0x000f50       data     extern E:\c18v3.46\pic18-lt\cxx-framework\src\traditional\proc\p18f25k80.asm
                  CCP3CON   0x000f4d       data     extern E:\c18v3.46\pic18-lt\cxx-framework\src\traditional\proc\p18f25k80.asm
              CCP3CONbits   0x000f4d       data     extern E:\c18v3.46\pic18-lt\cxx-framework\src\traditional\proc\p18f25k80.asm
                  CCP4CON   0x000f4a       data     extern E:\c18v3.46\pic18-lt\cxx-framework\src\traditional\proc\p18f25k80.asm
              CCP4CONbits   0x000f4a       data     extern E:\c18v3.46\pic18-lt\cxx-framework\src\traditional\proc\p18f25k80.asm
                  CCP5CON   0x000f47       data     extern E:\c18v3.46\pic18-lt\cxx-framework\src\traditional\proc\p18f25k80.asm
              CCP5CONbits   0x000f47       data     extern E:\c18v3.46\pic18-lt\cxx-framework\src\traditional\proc\p18f25k80.asm
                    CCPR1   0x000fbc       data     extern E:\c18v3.46\pic18-lt\cxx-framework\src\traditional\proc\p18f25k80.asm
                   CCPR1H   0x000fbd       data     extern E:\c18v3.46\pic18-lt\cxx-framework\src\traditional\proc\p18f25k80.asm
                   CCPR1L   0x000fbc       data     extern E:\c18v3.46\pic18-lt\cxx-framework\src\traditional\proc\p18f25k80.asm
                    CCPR2   0x000f51       data     extern E:\c18v3.46\pic18-lt\cxx-framework\src\traditional\proc\p18f25k80.asm
                   CCPR2H   0x000f52       data     extern E:\c18v3.46\pic18-lt\cxx-framework\src\traditional\proc\p18f25k80.asm
                   CCPR2L   0x000f51       data     extern E:\c18v3.46\pic18-lt\cxx-framework\src\traditional\proc\p18f25k80.asm
                    CCPR3   0x000f4e       data     extern E:\c18v3.46\pic18-lt\cxx-framework\src\traditional\proc\p18f25k80.asm
                   CCPR3H   0x000f4f       data     extern E:\c18v3.46\pic18-lt\cxx-framework\src\traditional\proc\p18f25k80.asm
                   CCPR3L   0x000f4e       data     extern E:\c18v3.46\pic18-lt\cxx-framework\src\traditional\proc\p18f25k80.asm
                    CCPR4   0x000f4b       data     extern E:\c18v3.46\pic18-lt\cxx-framework\src\traditional\proc\p18f25k80.asm
                   CCPR4H   0x000f4c       data     extern E:\c18v3.46\pic18-lt\cxx-framework\src\traditional\proc\p18f25k80.asm
                   CCPR4L   0x000f4b       data     extern E:\c18v3.46\pic18-lt\cxx-framework\src\traditional\proc\p18f25k80.asm
                    CCPR5   0x000f48       data     extern E:\c18v3.46\pic18-lt\cxx-framework\src\traditional\proc\p18f25k80.asm
                   CCPR5H   0x000f49       data     extern E:\c18v3.46\pic18-lt\cxx-framework\src\traditional\proc\p18f25k80.asm
                   CCPR5L   0x000f48       data     extern E:\c18v3.46\pic18-lt\cxx-framework\src\traditional\proc\p18f25k80.asm
                  CCPTMRS   0x000f99       data     extern E:\c18v3.46\pic18-lt\cxx-framework\src\traditional\proc\p18f25k80.asm
              CCPTMRSbits   0x000f99       data     extern E:\c18v3.46\pic18-lt\cxx-framework\src\traditional\proc\p18f25k80.asm
                   CIOCON   0x000f70       data     extern E:\c18v3.46\pic18-lt\cxx-framework\src\traditional\proc\p18f25k80.asm
               CIOCONbits   0x000f70       data     extern E:\c18v3.46\pic18-lt\cxx-framework\src\traditional\proc\p18f25k80.asm
                   CM1CON   0x000f5f       data     extern E:\c18v3.46\pic18-lt\cxx-framework\src\traditional\proc\p18f25k80.asm
                  CM1CON1   0x000f5f       data     extern E:\c18v3.46\pic18-lt\cxx-framework\src\traditional\proc\p18f25k80.asm
              CM1CON1bits   0x000f5f       data     extern E:\c18v3.46\pic18-lt\cxx-framework\src\traditional\proc\p18f25k80.asm
               CM1CONbits   0x000f5f       data     extern E:\c18v3.46\pic18-lt\cxx-framework\src\traditional\proc\p18f25k80.asm
                   CM2CON   0x000f5e       data     extern E:\c18v3.46\pic18-lt\cxx-framework\src\traditional\proc\p18f25k80.asm
                  CM2CON1   0x000f5e       data     extern E:\c18v3.46\pic18-lt\cxx-framework\src\traditional\proc\p18f25k80.asm
              CM2CON1bits   0x000f5e       data     extern E:\c18v3.46\pic18-lt\cxx-framework\src\traditional\proc\p18f25k80.asm
               CM2CONbits   0x000f5e       data     extern E:\c18v3.46\pic18-lt\cxx-framework\src\traditional\proc\p18f25k80.asm
                   CMSTAT   0x000fb4       data     extern E:\c18v3.46\pic18-lt\cxx-framework\src\traditional\proc\p18f25k80.asm
                 CMSTATUS   0x000fb4       data     extern E:\c18v3.46\pic18-lt\cxx-framework\src\traditional\proc\p18f25k80.asm
             CMSTATUSbits   0x000fb4       data     extern E:\c18v3.46\pic18-lt\cxx-framework\src\traditional\proc\p18f25k80.asm
               CMSTATbits   0x000fb4       data     extern E:\c18v3.46\pic18-lt\cxx-framework\src\traditional\proc\p18f25k80.asm
                  COMSTAT   0x000f71       data     extern E:\c18v3.46\pic18-lt\cxx-framework\src\traditional\proc\p18f25k80.asm
              COMSTATbits   0x000f71       data     extern E:\c18v3.46\pic18-lt\cxx-framework\src\traditional\proc\p18f25k80.asm
                 CTMUCONH   0x000f55       data     extern E:\c18v3.46\pic18-lt\cxx-framework\src\traditional\proc\p18f25k80.asm
             CTMUCONHbits   0x000f55       data     extern E:\c18v3.46\pic18-lt\cxx-framework\src\traditional\proc\p18f25k80.asm
                 CTMUCONL   0x000f54       data     extern E:\c18v3.46\pic18-lt\cxx-framework\src\traditional\proc\p18f25k80.asm
             CTMUCONLbits   0x000f54       data     extern E:\c18v3.46\pic18-lt\cxx-framework\src\traditional\proc\p18f25k80.asm
                 CTMUICON   0x000f53       data     extern E:\c18v3.46\pic18-lt\cxx-framework\src\traditional\proc\p18f25k80.asm
             CTMUICONbits   0x000f53       data     extern E:\c18v3.46\pic18-lt\cxx-framework\src\traditional\proc\p18f25k80.asm
                   CVRCON   0x000fb5       data     extern E:\c18v3.46\pic18-lt\cxx-framework\src\traditional\proc\p18f25k80.asm
               CVRCONbits   0x000fb5       data     extern E:\c18v3.46\pic18-lt\cxx-framework\src\traditional\proc\p18f25k80.asm
            DelayCounter1   0x000014       data     extern E:\c18v3.46\pic18-lt\cxx-framework\src\traditional\delays\delayd1.asm
                  ECANCON   0x000f72       data     extern E:\c18v3.46\pic18-lt\cxx-framework\src\traditional\proc\p18f25k80.asm
              ECANCONbits   0x000f72       data     extern E:\c18v3.46\pic18-lt\cxx-framework\src\traditional\proc\p18f25k80.asm
                  ECCP1AS   0x000fbf       data     extern E:\c18v3.46\pic18-lt\cxx-framework\src\traditional\proc\p18f25k80.asm
              ECCP1ASbits   0x000fbf       data     extern E:\c18v3.46\pic18-lt\cxx-framework\src\traditional\proc\p18f25k80.asm
                 ECCP1CON   0x000fbb       data     extern E:\c18v3.46\pic18-lt\cxx-framework\src\traditional\proc\p18f25k80.asm
             ECCP1CONbits   0x000fbb       data     extern E:\c18v3.46\pic18-lt\cxx-framework\src\traditional\proc\p18f25k80.asm
                 ECCP1DEL   0x000fbe       data     extern E:\c18v3.46\pic18-lt\cxx-framework\src\traditional\proc\p18f25k80.asm
             ECCP1DELbits   0x000fbe       data     extern E:\c18v3.46\pic18-lt\cxx-framework\src\traditional\proc\p18f25k80.asm
                 ECCP2CON   0x000f50       data     extern E:\c18v3.46\pic18-lt\cxx-framework\src\traditional\proc\p18f25k80.asm
             ECCP2CONbits   0x000f50       data     extern E:\c18v3.46\pic18-lt\cxx-framework\src\traditional\proc\p18f25k80.asm
                    EEADR   0x000f74       data     extern E:\c18v3.46\pic18-lt\cxx-framework\src\traditional\proc\p18f25k80.asm
                   EEADRH   0x000f75       data     extern E:\c18v3.46\pic18-lt\cxx-framework\src\traditional\proc\p18f25k80.asm
                   EECON1   0x000f7f       data     extern E:\c18v3.46\pic18-lt\cxx-framework\src\traditional\proc\p18f25k80.asm
               EECON1bits   0x000f7f       data     extern E:\c18v3.46\pic18-lt\cxx-framework\src\traditional\proc\p18f25k80.asm
                   EECON2   0x000f7e       data     extern E:\c18v3.46\pic18-lt\cxx-framework\src\traditional\proc\p18f25k80.asm
                   EEDATA   0x000f73       data     extern E:\c18v3.46\pic18-lt\cxx-framework\src\traditional\proc\p18f25k80.asm
                     FSR0   0x000fe9       data     extern E:\c18v3.46\pic18-lt\cxx-framework\src\traditional\proc\p18f25k80.asm
                    FSR0H   0x000fea       data     extern E:\c18v3.46\pic18-lt\cxx-framework\src\traditional\proc\p18f25k80.asm
                FSR0Hbits   0x000fea       data     extern E:\c18v3.46\pic18-lt\cxx-framework\src\traditional\proc\p18f25k80.asm
                    FSR0L   0x000fe9       data     extern E:\c18v3.46\pic18-lt\cxx-framework\src\traditional\proc\p18f25k80.asm
                     FSR1   0x000fe1       data     extern E:\c18v3.46\pic18-lt\cxx-framework\src\traditional\proc\p18f25k80.asm
                    FSR1H   0x000fe2       data     extern E:\c18v3.46\pic18-lt\cxx-framework\src\traditional\proc\p18f25k80.asm
                FSR1Hbits   0x000fe2       data     extern E:\c18v3.46\pic18-lt\cxx-framework\src\traditional\proc\p18f25k80.asm
                    FSR1L   0x000fe1       data     extern E:\c18v3.46\pic18-lt\cxx-framework\src\traditional\proc\p18f25k80.asm
                     FSR2   0x000fd9       data     extern E:\c18v3.46\pic18-lt\cxx-framework\src\traditional\proc\p18f25k80.asm
                    FSR2H   0x000fda       data     extern E:\c18v3.46\pic18-lt\cxx-framework\src\traditional\proc\p18f25k80.asm
                FSR2Hbits   0x000fda       data     extern E:\c18v3.46\pic18-lt\cxx-framework\src\traditional\proc\p18f25k80.asm
                    FSR2L   0x000fd9       data     extern E:\c18v3.46\pic18-lt\cxx-framework\src\traditional\proc\p18f25k80.asm
                  HLVDCON   0x000fa8       data     extern E:\c18v3.46\pic18-lt\cxx-framework\src\traditional\proc\p18f25k80.asm
              HLVDCONbits   0x000fa8       data     extern E:\c18v3.46\pic18-lt\cxx-framework\src\traditional\proc\p18f25k80.asm
                    INDF0   0x000fef       data     extern E:\c18v3.46\pic18-lt\cxx-framework\src\traditional\proc\p18f25k80.asm
                    INDF1   0x000fe7       data     extern E:\c18v3.46\pic18-lt\cxx-framework\src\traditional\proc\p18f25k80.asm
                    INDF2   0x000fdf       data     extern E:\c18v3.46\pic18-lt\cxx-framework\src\traditional\proc\p18f25k80.asm
                   INTCON   0x000ff2       data     extern E:\c18v3.46\pic18-lt\cxx-framework\src\traditional\proc\p18f25k80.asm
                  INTCON1   0x000ff2       data     extern E:\c18v3.46\pic18-lt\cxx-framework\src\traditional\proc\p18f25k80.asm
              INTCON1bits   0x000ff2       data     extern E:\c18v3.46\pic18-lt\cxx-framework\src\traditional\proc\p18f25k80.asm
                  INTCON2   0x000ff1       data     extern E:\c18v3.46\pic18-lt\cxx-framework\src\traditional\proc\p18f25k80.asm
              INTCON2bits   0x000ff1       data     extern E:\c18v3.46\pic18-lt\cxx-framework\src\traditional\proc\p18f25k80.asm
                  INTCON3   0x000ff0       data     extern E:\c18v3.46\pic18-lt\cxx-framework\src\traditional\proc\p18f25k80.asm
              INTCON3bits   0x000ff0       data     extern E:\c18v3.46\pic18-lt\cxx-framework\src\traditional\proc\p18f25k80.asm
               INTCONbits   0x000ff2       data     extern E:\c18v3.46\pic18-lt\cxx-framework\src\traditional\proc\p18f25k80.asm
                     IOCB   0x000f5a       data     extern E:\c18v3.46\pic18-lt\cxx-framework\src\traditional\proc\p18f25k80.asm
                 IOCBbits   0x000f5a       data     extern E:\c18v3.46\pic18-lt\cxx-framework\src\traditional\proc\p18f25k80.asm
                     IPR1   0x000f9f       data     extern E:\c18v3.46\pic18-lt\cxx-framework\src\traditional\proc\p18f25k80.asm
                 IPR1bits   0x000f9f       data     extern E:\c18v3.46\pic18-lt\cxx-framework\src\traditional\proc\p18f25k80.asm
                     IPR2   0x000fa2       data     extern E:\c18v3.46\pic18-lt\cxx-framework\src\traditional\proc\p18f25k80.asm
                 IPR2bits   0x000fa2       data     extern E:\c18v3.46\pic18-lt\cxx-framework\src\traditional\proc\p18f25k80.asm
                     IPR3   0x000fa5       data     extern E:\c18v3.46\pic18-lt\cxx-framework\src\traditional\proc\p18f25k80.asm
                 IPR3bits   0x000fa5       data     extern E:\c18v3.46\pic18-lt\cxx-framework\src\traditional\proc\p18f25k80.asm
                     IPR4   0x000fb8       data     extern E:\c18v3.46\pic18-lt\cxx-framework\src\traditional\proc\p18f25k80.asm
                 IPR4bits   0x000fb8       data     extern E:\c18v3.46\pic18-lt\cxx-framework\src\traditional\proc\p18f25k80.asm
                     IPR5   0x000f78       data     extern E:\c18v3.46\pic18-lt\cxx-framework\src\traditional\proc\p18f25k80.asm
                 IPR5bits   0x000f78       data     extern E:\c18v3.46\pic18-lt\cxx-framework\src\traditional\proc\p18f25k80.asm
                     LATA   0x000f89       data     extern E:\c18v3.46\pic18-lt\cxx-framework\src\traditional\proc\p18f25k80.asm
                 LATAbits   0x000f89       data     extern E:\c18v3.46\pic18-lt\cxx-framework\src\traditional\proc\p18f25k80.asm
                     LATB   0x000f8a       data     extern E:\c18v3.46\pic18-lt\cxx-framework\src\traditional\proc\p18f25k80.asm
                 LATBbits   0x000f8a       data     extern E:\c18v3.46\pic18-lt\cxx-framework\src\traditional\proc\p18f25k80.asm
                     LATC   0x000f8b       data     extern E:\c18v3.46\pic18-lt\cxx-framework\src\traditional\proc\p18f25k80.asm
                 LATCbits   0x000f8b       data     extern E:\c18v3.46\pic18-lt\cxx-framework\src\traditional\proc\p18f25k80.asm
                    MSEL0   0x000e79       data     extern E:\c18v3.46\pic18-lt\cxx-framework\src\traditional\proc\p18f25k80.asm
                MSEL0bits   0x000e79       data     extern E:\c18v3.46\pic18-lt\cxx-framework\src\traditional\proc\p18f25k80.asm
                    MSEL1   0x000e7a       data     extern E:\c18v3.46\pic18-lt\cxx-framework\src\traditional\proc\p18f25k80.asm
                MSEL1bits   0x000e7a       data     extern E:\c18v3.46\pic18-lt\cxx-framework\src\traditional\proc\p18f25k80.asm
                    MSEL2   0x000e7b       data     extern E:\c18v3.46\pic18-lt\cxx-framework\src\traditional\proc\p18f25k80.asm
                MSEL2bits   0x000e7b       data     extern E:\c18v3.46\pic18-lt\cxx-framework\src\traditional\proc\p18f25k80.asm
                    MSEL3   0x000e7c       data     extern E:\c18v3.46\pic18-lt\cxx-framework\src\traditional\proc\p18f25k80.asm
                MSEL3bits   0x000e7c       data     extern E:\c18v3.46\pic18-lt\cxx-framework\src\traditional\proc\p18f25k80.asm
                    ODCON   0x000f91       data     extern E:\c18v3.46\pic18-lt\cxx-framework\src\traditional\proc\p18f25k80.asm
                ODCONbits   0x000f91       data     extern E:\c18v3.46\pic18-lt\cxx-framework\src\traditional\proc\p18f25k80.asm
                   OSCCON   0x000fd3       data     extern E:\c18v3.46\pic18-lt\cxx-framework\src\traditional\proc\p18f25k80.asm
                  OSCCON2   0x000fd2       data     extern E:\c18v3.46\pic18-lt\cxx-framework\src\traditional\proc\p18f25k80.asm
              OSCCON2bits   0x000fd2       data     extern E:\c18v3.46\pic18-lt\cxx-framework\src\traditional\proc\p18f25k80.asm
               OSCCONbits   0x000fd3       data     extern E:\c18v3.46\pic18-lt\cxx-framework\src\traditional\proc\p18f25k80.asm
                  OSCTUNE   0x000f9b       data     extern E:\c18v3.46\pic18-lt\cxx-framework\src\traditional\proc\p18f25k80.asm
              OSCTUNEbits   0x000f9b       data     extern E:\c18v3.46\pic18-lt\cxx-framework\src\traditional\proc\p18f25k80.asm
                  PADCFG1   0x000f56       data     extern E:\c18v3.46\pic18-lt\cxx-framework\src\traditional\proc\p18f25k80.asm
              PADCFG1bits   0x000f56       data     extern E:\c18v3.46\pic18-lt\cxx-framework\src\traditional\proc\p18f25k80.asm
                       PC   0x000ff9       data     extern E:\c18v3.46\pic18-lt\cxx-framework\src\traditional\proc\p18f25k80.asm
                      PCL   0x000ff9       data     extern E:\c18v3.46\pic18-lt\cxx-framework\src\traditional\proc\p18f25k80.asm
                   PCLATH   0x000ffa       data     extern E:\c18v3.46\pic18-lt\cxx-framework\src\traditional\proc\p18f25k80.asm
                   PCLATU   0x000ffb       data     extern E:\c18v3.46\pic18-lt\cxx-framework\src\traditional\proc\p18f25k80.asm
               PCLATUbits   0x000ffb       data     extern E:\c18v3.46\pic18-lt\cxx-framework\src\traditional\proc\p18f25k80.asm
                     PIE1   0x000f9d       data     extern E:\c18v3.46\pic18-lt\cxx-framework\src\traditional\proc\p18f25k80.asm
                 PIE1bits   0x000f9d       data     extern E:\c18v3.46\pic18-lt\cxx-framework\src\traditional\proc\p18f25k80.asm
                     PIE2   0x000fa0       data     extern E:\c18v3.46\pic18-lt\cxx-framework\src\traditional\proc\p18f25k80.asm
                 PIE2bits   0x000fa0       data     extern E:\c18v3.46\pic18-lt\cxx-framework\src\traditional\proc\p18f25k80.asm
                     PIE3   0x000fa3       data     extern E:\c18v3.46\pic18-lt\cxx-framework\src\traditional\proc\p18f25k80.asm
                 PIE3bits   0x000fa3       data     extern E:\c18v3.46\pic18-lt\cxx-framework\src\traditional\proc\p18f25k80.asm
                     PIE4   0x000fb6       data     extern E:\c18v3.46\pic18-lt\cxx-framework\src\traditional\proc\p18f25k80.asm
                 PIE4bits   0x000fb6       data     extern E:\c18v3.46\pic18-lt\cxx-framework\src\traditional\proc\p18f25k80.asm
                     PIE5   0x000f76       data     extern E:\c18v3.46\pic18-lt\cxx-framework\src\traditional\proc\p18f25k80.asm
                 PIE5bits   0x000f76       data     extern E:\c18v3.46\pic18-lt\cxx-framework\src\traditional\proc\p18f25k80.asm
                     PIR1   0x000f9e       data     extern E:\c18v3.46\pic18-lt\cxx-framework\src\traditional\proc\p18f25k80.asm
                 PIR1bits   0x000f9e       data     extern E:\c18v3.46\pic18-lt\cxx-framework\src\traditional\proc\p18f25k80.asm
                     PIR2   0x000fa1       data     extern E:\c18v3.46\pic18-lt\cxx-framework\src\traditional\proc\p18f25k80.asm
                 PIR2bits   0x000fa1       data     extern E:\c18v3.46\pic18-lt\cxx-framework\src\traditional\proc\p18f25k80.asm
                     PIR3   0x000fa4       data     extern E:\c18v3.46\pic18-lt\cxx-framework\src\traditional\proc\p18f25k80.asm
                 PIR3bits   0x000fa4       data     extern E:\c18v3.46\pic18-lt\cxx-framework\src\traditional\proc\p18f25k80.asm
                     PIR4   0x000fb7       data     extern E:\c18v3.46\pic18-lt\cxx-framework\src\traditional\proc\p18f25k80.asm
                 PIR4bits   0x000fb7       data     extern E:\c18v3.46\pic18-lt\cxx-framework\src\traditional\proc\p18f25k80.asm
                     PIR5   0x000f77       data     extern E:\c18v3.46\pic18-lt\cxx-framework\src\traditional\proc\p18f25k80.asm
                 PIR5bits   0x000f77       data     extern E:\c18v3.46\pic18-lt\cxx-framework\src\traditional\proc\p18f25k80.asm
                   PLUSW0   0x000feb       data     extern E:\c18v3.46\pic18-lt\cxx-framework\src\traditional\proc\p18f25k80.asm
                   PLUSW1   0x000fe3       data     extern E:\c18v3.46\pic18-lt\cxx-framework\src\traditional\proc\p18f25k80.asm
                   PLUSW2   0x000fdb       data     extern E:\c18v3.46\pic18-lt\cxx-framework\src\traditional\proc\p18f25k80.asm
                     PMD0   0x000f59       data     extern E:\c18v3.46\pic18-lt\cxx-framework\src\traditional\proc\p18f25k80.asm
                 PMD0bits   0x000f59       data     extern E:\c18v3.46\pic18-lt\cxx-framework\src\traditional\proc\p18f25k80.asm
                     PMD1   0x000f58       data     extern E:\c18v3.46\pic18-lt\cxx-framework\src\traditional\proc\p18f25k80.asm
                 PMD1bits   0x000f58       data     extern E:\c18v3.46\pic18-lt\cxx-framework\src\traditional\proc\p18f25k80.asm
                     PMD2   0x000f57       data     extern E:\c18v3.46\pic18-lt\cxx-framework\src\traditional\proc\p18f25k80.asm
                 PMD2bits   0x000f57       data     extern E:\c18v3.46\pic18-lt\cxx-framework\src\traditional\proc\p18f25k80.asm
                    PORTA   0x000f80       data     extern E:\c18v3.46\pic18-lt\cxx-framework\src\traditional\proc\p18f25k80.asm
                PORTAbits   0x000f80       data     extern E:\c18v3.46\pic18-lt\cxx-framework\src\traditional\proc\p18f25k80.asm
                    PORTB   0x000f81       data     extern E:\c18v3.46\pic18-lt\cxx-framework\src\traditional\proc\p18f25k80.asm
                PORTBbits   0x000f81       data     extern E:\c18v3.46\pic18-lt\cxx-framework\src\traditional\proc\p18f25k80.asm
                    PORTC   0x000f82       data     extern E:\c18v3.46\pic18-lt\cxx-framework\src\traditional\proc\p18f25k80.asm
                PORTCbits   0x000f82       data     extern E:\c18v3.46\pic18-lt\cxx-framework\src\traditional\proc\p18f25k80.asm
                    PORTE   0x000f84       data     extern E:\c18v3.46\pic18-lt\cxx-framework\src\traditional\proc\p18f25k80.asm
                PORTEbits   0x000f84       data     extern E:\c18v3.46\pic18-lt\cxx-framework\src\traditional\proc\p18f25k80.asm
                 POSTDEC0   0x000fed       data     extern E:\c18v3.46\pic18-lt\cxx-framework\src\traditional\proc\p18f25k80.asm
                 POSTDEC1   0x000fe5       data     extern E:\c18v3.46\pic18-lt\cxx-framework\src\traditional\proc\p18f25k80.asm
                 POSTDEC2   0x000fdd       data     extern E:\c18v3.46\pic18-lt\cxx-framework\src\traditional\proc\p18f25k80.asm
                 POSTINC0   0x000fee       data     extern E:\c18v3.46\pic18-lt\cxx-framework\src\traditional\proc\p18f25k80.asm
                 POSTINC1   0x000fe6       data     extern E:\c18v3.46\pic18-lt\cxx-framework\src\traditional\proc\p18f25k80.asm
                 POSTINC2   0x000fde       data     extern E:\c18v3.46\pic18-lt\cxx-framework\src\traditional\proc\p18f25k80.asm
                      PR2   0x000fcb       data     extern E:\c18v3.46\pic18-lt\cxx-framework\src\traditional\proc\p18f25k80.asm
                      PR4   0x000fa9       data     extern E:\c18v3.46\pic18-lt\cxx-framework\src\traditional\proc\p18f25k80.asm
                  PREINC0   0x000fec       data     extern E:\c18v3.46\pic18-lt\cxx-framework\src\traditional\proc\p18f25k80.asm
                  PREINC1   0x000fe4       data     extern E:\c18v3.46\pic18-lt\cxx-framework\src\traditional\proc\p18f25k80.asm
                  PREINC2   0x000fdc       data     extern E:\c18v3.46\pic18-lt\cxx-framework\src\traditional\proc\p18f25k80.asm
                     PROD   0x000ff3       data     extern E:\c18v3.46\pic18-lt\cxx-framework\src\traditional\proc\p18f25k80.asm
                    PRODH   0x000ff4       data     extern E:\c18v3.46\pic18-lt\cxx-framework\src\traditional\proc\p18f25k80.asm
                    PRODL   0x000ff3       data     extern E:\c18v3.46\pic18-lt\cxx-framework\src\traditional\proc\p18f25k80.asm
                 PSTR1CON   0x000f9c       data     extern E:\c18v3.46\pic18-lt\cxx-framework\src\traditional\proc\p18f25k80.asm
             PSTR1CONbits   0x000f9c       data     extern E:\c18v3.46\pic18-lt\cxx-framework\src\traditional\proc\p18f25k80.asm
                  PWM1CON   0x000fbe       data     extern E:\c18v3.46\pic18-lt\cxx-framework\src\traditional\proc\p18f25k80.asm
              PWM1CONbits   0x000fbe       data     extern E:\c18v3.46\pic18-lt\cxx-framework\src\traditional\proc\p18f25k80.asm
                     RCON   0x000fd0       data     extern E:\c18v3.46\pic18-lt\cxx-framework\src\traditional\proc\p18f25k80.asm
                 RCONbits   0x000fd0       data     extern E:\c18v3.46\pic18-lt\cxx-framework\src\traditional\proc\p18f25k80.asm
                    RCREG   0x000fae       data     extern E:\c18v3.46\pic18-lt\cxx-framework\src\traditional\proc\p18f25k80.asm
                   RCREG1   0x000fae       data     extern E:\c18v3.46\pic18-lt\cxx-framework\src\traditional\proc\p18f25k80.asm
                   RCREG2   0x000f7a       data     extern E:\c18v3.46\pic18-lt\cxx-framework\src\traditional\proc\p18f25k80.asm
                    RCSTA   0x000fab       data     extern E:\c18v3.46\pic18-lt\cxx-framework\src\traditional\proc\p18f25k80.asm
                   RCSTA1   0x000fab       data     extern E:\c18v3.46\pic18-lt\cxx-framework\src\traditional\proc\p18f25k80.asm
               RCSTA1bits   0x000fab       data     extern E:\c18v3.46\pic18-lt\cxx-framework\src\traditional\proc\p18f25k80.asm
                   RCSTA2   0x000fa6       data     extern E:\c18v3.46\pic18-lt\cxx-framework\src\traditional\proc\p18f25k80.asm
               RCSTA2bits   0x000fa6       data     extern E:\c18v3.46\pic18-lt\cxx-framework\src\traditional\proc\p18f25k80.asm
                RCSTAbits   0x000fab       data     extern E:\c18v3.46\pic18-lt\cxx-framework\src\traditional\proc\p18f25k80.asm
                  REFOCON   0x000f9a       data     extern E:\c18v3.46\pic18-lt\cxx-framework\src\traditional\proc\p18f25k80.asm
              REFOCONbits   0x000f9a       data     extern E:\c18v3.46\pic18-lt\cxx-framework\src\traditional\proc\p18f25k80.asm
                  RXB0CON   0x000f60       data     extern E:\c18v3.46\pic18-lt\cxx-framework\src\traditional\proc\p18f25k80.asm
              RXB0CONbits   0x000f60       data     extern E:\c18v3.46\pic18-lt\cxx-framework\src\traditional\proc\p18f25k80.asm
                   RXB0D0   0x000f66       data     extern E:\c18v3.46\pic18-lt\cxx-framework\src\traditional\proc\p18f25k80.asm
               RXB0D0bits   0x000f66       data     extern E:\c18v3.46\pic18-lt\cxx-framework\src\traditional\proc\p18f25k80.asm
                   RXB0D1   0x000f67       data     extern E:\c18v3.46\pic18-lt\cxx-framework\src\traditional\proc\p18f25k80.asm
               RXB0D1bits   0x000f67       data     extern E:\c18v3.46\pic18-lt\cxx-framework\src\traditional\proc\p18f25k80.asm
                   RXB0D2   0x000f68       data     extern E:\c18v3.46\pic18-lt\cxx-framework\src\traditional\proc\p18f25k80.asm
               RXB0D2bits   0x000f68       data     extern E:\c18v3.46\pic18-lt\cxx-framework\src\traditional\proc\p18f25k80.asm
                   RXB0D3   0x000f69       data     extern E:\c18v3.46\pic18-lt\cxx-framework\src\traditional\proc\p18f25k80.asm
               RXB0D3bits   0x000f69       data     extern E:\c18v3.46\pic18-lt\cxx-framework\src\traditional\proc\p18f25k80.asm
                   RXB0D4   0x000f6a       data     extern E:\c18v3.46\pic18-lt\cxx-framework\src\traditional\proc\p18f25k80.asm
               RXB0D4bits   0x000f6a       data     extern E:\c18v3.46\pic18-lt\cxx-framework\src\traditional\proc\p18f25k80.asm
                   RXB0D5   0x000f6b       data     extern E:\c18v3.46\pic18-lt\cxx-framework\src\traditional\proc\p18f25k80.asm
               RXB0D5bits   0x000f6b       data     extern E:\c18v3.46\pic18-lt\cxx-framework\src\traditional\proc\p18f25k80.asm
                   RXB0D6   0x000f6c       data     extern E:\c18v3.46\pic18-lt\cxx-framework\src\traditional\proc\p18f25k80.asm
               RXB0D6bits   0x000f6c       data     extern E:\c18v3.46\pic18-lt\cxx-framework\src\traditional\proc\p18f25k80.asm
                   RXB0D7   0x000f6d       data     extern E:\c18v3.46\pic18-lt\cxx-framework\src\traditional\proc\p18f25k80.asm
               RXB0D7bits   0x000f6d       data     extern E:\c18v3.46\pic18-lt\cxx-framework\src\traditional\proc\p18f25k80.asm
                  RXB0DLC   0x000f65       data     extern E:\c18v3.46\pic18-lt\cxx-framework\src\traditional\proc\p18f25k80.asm
              RXB0DLCbits   0x000f65       data     extern E:\c18v3.46\pic18-lt\cxx-framework\src\traditional\proc\p18f25k80.asm
                 RXB0EIDH   0x000f63       data     extern E:\c18v3.46\pic18-lt\cxx-framework\src\traditional\proc\p18f25k80.asm
             RXB0EIDHbits   0x000f63       data     extern E:\c18v3.46\pic18-lt\cxx-framework\src\traditional\proc\p18f25k80.asm
                 RXB0EIDL   0x000f64       data     extern E:\c18v3.46\pic18-lt\cxx-framework\src\traditional\proc\p18f25k80.asm
             RXB0EIDLbits   0x000f64       data     extern E:\c18v3.46\pic18-lt\cxx-framework\src\traditional\proc\p18f25k80.asm
[...]
                 BAUDCON1   0x000fa7       data     extern E:\c18v3.46\pic18-lt\cxx-framework\src\traditional\proc\p18f25k80.asm
             BAUDCON1bits   0x000fa7       data     extern E:\c18v3.46\pic18-lt\cxx-framework\src\traditional\proc\p18f25k80.asm
                  HLVDCON   0x000fa8       data     extern E:\c18v3.46\pic18-lt\cxx-framework\src\traditional\proc\p18f25k80.asm
              HLVDCONbits   0x000fa8       data     extern E:\c18v3.46\pic18-lt\cxx-framework\src\traditional\proc\p18f25k80.asm
                      PR4   0x000fa9       data     extern E:\c18v3.46\pic18-lt\cxx-framework\src\traditional\proc\p18f25k80.asm
                   T1GCON   0x000faa       data     extern E:\c18v3.46\pic18-lt\cxx-framework\src\traditional\proc\p18f25k80.asm
               T1GCONbits   0x000faa       data     extern E:\c18v3.46\pic18-lt\cxx-framework\src\traditional\proc\p18f25k80.asm
                    RCSTA   0x000fab       data     extern E:\c18v3.46\pic18-lt\cxx-framework\src\traditional\proc\p18f25k80.asm
                   RCSTA1   0x000fab       data     extern E:\c18v3.46\pic18-lt\cxx-framework\src\traditional\proc\p18f25k80.asm
               RCSTA1bits   0x000fab       data     extern E:\c18v3.46\pic18-lt\cxx-framework\src\traditional\proc\p18f25k80.asm
                RCSTAbits   0x000fab       data     extern E:\c18v3.46\pic18-lt\cxx-framework\src\traditional\proc\p18f25k80.asm
                    TXSTA   0x000fac       data     extern E:\c18v3.46\pic18-lt\cxx-framework\src\traditional\proc\p18f25k80.asm
                TXSTAbits   0x000fac       data     extern E:\c18v3.46\pic18-lt\cxx-framework\src\traditional\proc\p18f25k80.asm
                   TXSTA1   0x000fac       data     extern E:\c18v3.46\pic18-lt\cxx-framework\src\traditional\proc\p18f25k80.asm
               TXSTA1bits   0x000fac       data     extern E:\c18v3.46\pic18-lt\cxx-framework\src\traditional\proc\p18f25k80.asm
                    TXREG   0x000fad       data     extern E:\c18v3.46\pic18-lt\cxx-framework\src\traditional\proc\p18f25k80.asm
                   TXREG1   0x000fad       data     extern E:\c18v3.46\pic18-lt\cxx-framework\src\traditional\proc\p18f25k80.asm
                   RCREG1   0x000fae       data     extern E:\c18v3.46\pic18-lt\cxx-framework\src\traditional\proc\p18f25k80.asm
                    RCREG   0x000fae       data     extern E:\c18v3.46\pic18-lt\cxx-framework\src\traditional\proc\p18f25k80.asm
                   SPBRG1   0x000faf       data     extern E:\c18v3.46\pic18-lt\cxx-framework\src\traditional\proc\p18f25k80.asm
                    SPBRG   0x000faf       data     extern E:\c18v3.46\pic18-lt\cxx-framework\src\traditional\proc\p18f25k80.asm
               T3GCONbits   0x000fb0       data     extern E:\c18v3.46\pic18-lt\cxx-framework\src\traditional\proc\p18f25k80.asm
                   T3GCON   0x000fb0       data     extern E:\c18v3.46\pic18-lt\cxx-framework\src\traditional\proc\p18f25k80.asm
                T3CONbits   0x000fb1       data     extern E:\c18v3.46\pic18-lt\cxx-framework\src\traditional\proc\p18f25k80.asm
                    T3CON   0x000fb1       data     extern E:\c18v3.46\pic18-lt\cxx-framework\src\traditional\proc\p18f25k80.asm
                    TMR3L   0x000fb2       data     extern E:\c18v3.46\pic18-lt\cxx-framework\src\traditional\proc\p18f25k80.asm
                    TMR3H   0x000fb3       data     extern E:\c18v3.46\pic18-lt\cxx-framework\src\traditional\proc\p18f25k80.asm
                   CMSTAT   0x000fb4       data     extern E:\c18v3.46\pic18-lt\cxx-framework\src\traditional\proc\p18f25k80.asm
                 CMSTATUS   0x000fb4       data     extern E:\c18v3.46\pic18-lt\cxx-framework\src\traditional\proc\p18f25k80.asm
             CMSTATUSbits   0x000fb4       data     extern E:\c18v3.46\pic18-lt\cxx-framework\src\traditional\proc\p18f25k80.asm
               CMSTATbits   0x000fb4       data     extern E:\c18v3.46\pic18-lt\cxx-framework\src\traditional\proc\p18f25k80.asm
               CVRCONbits   0x000fb5       data     extern E:\c18v3.46\pic18-lt\cxx-framework\src\traditional\proc\p18f25k80.asm
                   CVRCON   0x000fb5       data     extern E:\c18v3.46\pic18-lt\cxx-framework\src\traditional\proc\p18f25k80.asm
                 PIE4bits   0x000fb6       data     extern E:\c18v3.46\pic18-lt\cxx-framework\src\traditional\proc\p18f25k80.asm
                     PIE4   0x000fb6       data     extern E:\c18v3.46\pic18-lt\cxx-framework\src\traditional\proc\p18f25k80.asm
                     PIR4   0x000fb7       data     extern E:\c18v3.46\pic18-lt\cxx-framework\src\traditional\proc\p18f25k80.asm
                 PIR4bits   0x000fb7       data     extern E:\c18v3.46\pic18-lt\cxx-framework\src\traditional\proc\p18f25k80.asm
                     IPR4   0x000fb8       data     extern E:\c18v3.46\pic18-lt\cxx-framework\src\traditional\proc\p18f25k80.asm
                 IPR4bits   0x000fb8       data     extern E:\c18v3.46\pic18-lt\cxx-framework\src\traditional\proc\p18f25k80.asm
                 BAUDCON2   0x000fb9       data     extern E:\c18v3.46\pic18-lt\cxx-framework\src\traditional\proc\p18f25k80.asm
             BAUDCON2bits   0x000fb9       data     extern E:\c18v3.46\pic18-lt\cxx-framework\src\traditional\proc\p18f25k80.asm
                   TXSTA2   0x000fba       data     extern E:\c18v3.46\pic18-lt\cxx-framework\src\traditional\proc\p18f25k80.asm
               TXSTA2bits   0x000fba       data     extern E:\c18v3.46\pic18-lt\cxx-framework\src\traditional\proc\p18f25k80.asm
             ECCP1CONbits   0x000fbb       data     extern E:\c18v3.46\pic18-lt\cxx-framework\src\traditional\proc\p18f25k80.asm
                 ECCP1CON   0x000fbb       data     extern E:\c18v3.46\pic18-lt\cxx-framework\src\traditional\proc\p18f25k80.asm
                  CCP1CON   0x000fbb       data     extern E:\c18v3.46\pic18-lt\cxx-framework\src\traditional\proc\p18f25k80.asm
              CCP1CONbits   0x000fbb       data     extern E:\c18v3.46\pic18-lt\cxx-framework\src\traditional\proc\p18f25k80.asm
                   CCPR1L   0x000fbc       data     extern E:\c18v3.46\pic18-lt\cxx-framework\src\traditional\proc\p18f25k80.asm
                    CCPR1   0x000fbc       data     extern E:\c18v3.46\pic18-lt\cxx-framework\src\traditional\proc\p18f25k80.asm
                   CCPR1H   0x000fbd       data     extern E:\c18v3.46\pic18-lt\cxx-framework\src\traditional\proc\p18f25k80.asm
                 ECCP1DEL   0x000fbe       data     extern E:\c18v3.46\pic18-lt\cxx-framework\src\traditional\proc\p18f25k80.asm
             ECCP1DELbits   0x000fbe       data     extern E:\c18v3.46\pic18-lt\cxx-framework\src\traditional\proc\p18f25k80.asm
              PWM1CONbits   0x000fbe       data     extern E:\c18v3.46\pic18-lt\cxx-framework\src\traditional\proc\p18f25k80.asm
                  PWM1CON   0x000fbe       data     extern E:\c18v3.46\pic18-lt\cxx-framework\src\traditional\proc\p18f25k80.asm
                  ECCP1AS   0x000fbf       data     extern E:\c18v3.46\pic18-lt\cxx-framework\src\traditional\proc\p18f25k80.asm
              ECCP1ASbits   0x000fbf       data     extern E:\c18v3.46\pic18-lt\cxx-framework\src\traditional\proc\p18f25k80.asm
               ADCON2bits   0x000fc0       data     extern E:\c18v3.46\pic18-lt\cxx-framework\src\traditional\proc\p18f25k80.asm
                   ADCON2   0x000fc0       data     extern E:\c18v3.46\pic18-lt\cxx-framework\src\traditional\proc\p18f25k80.asm
               ADCON1bits   0x000fc1       data     extern E:\c18v3.46\pic18-lt\cxx-framework\src\traditional\proc\p18f25k80.asm
                   ADCON1   0x000fc1       data     extern E:\c18v3.46\pic18-lt\cxx-framework\src\traditional\proc\p18f25k80.asm
               ADCON0bits   0x000fc2       data     extern E:\c18v3.46\pic18-lt\cxx-framework\src\traditional\proc\p18f25k80.asm
                   ADCON0   0x000fc2       data     extern E:\c18v3.46\pic18-lt\cxx-framework\src\traditional\proc\p18f25k80.asm
                    ADRES   0x000fc3       data     extern E:\c18v3.46\pic18-lt\cxx-framework\src\traditional\proc\p18f25k80.asm
                   ADRESL   0x000fc3       data     extern E:\c18v3.46\pic18-lt\cxx-framework\src\traditional\proc\p18f25k80.asm
                   ADRESH   0x000fc4       data     extern E:\c18v3.46\pic18-lt\cxx-framework\src\traditional\proc\p18f25k80.asm
              SSPCON2bits   0x000fc5       data     extern E:\c18v3.46\pic18-lt\cxx-framework\src\traditional\proc\p18f25k80.asm
                  SSPCON2   0x000fc5       data     extern E:\c18v3.46\pic18-lt\cxx-framework\src\traditional\proc\p18f25k80.asm
              SSPCON1bits   0x000fc6       data     extern E:\c18v3.46\pic18-lt\cxx-framework\src\traditional\proc\p18f25k80.asm
                  SSPCON1   0x000fc6       data     extern E:\c18v3.46\pic18-lt\cxx-framework\src\traditional\proc\p18f25k80.asm
              SSPSTATbits   0x000fc7       data     extern E:\c18v3.46\pic18-lt\cxx-framework\src\traditional\proc\p18f25k80.asm
                  SSPSTAT   0x000fc7       data     extern E:\c18v3.46\pic18-lt\cxx-framework\src\traditional\proc\p18f25k80.asm
               SSPADDbits   0x000fc8       data     extern E:\c18v3.46\pic18-lt\cxx-framework\src\traditional\proc\p18f25k80.asm
                   SSPADD   0x000fc8       data     extern E:\c18v3.46\pic18-lt\cxx-framework\src\traditional\proc\p18f25k80.asm
                   SSPBUF   0x000fc9       data     extern E:\c18v3.46\pic18-lt\cxx-framework\src\traditional\proc\p18f25k80.asm
                    T2CON   0x000fca       data     extern E:\c18v3.46\pic18-lt\cxx-framework\src\traditional\proc\p18f25k80.asm
                T2CONbits   0x000fca       data     extern E:\c18v3.46\pic18-lt\cxx-framework\src\traditional\proc\p18f25k80.asm
                      PR2   0x000fcb       data     extern E:\c18v3.46\pic18-lt\cxx-framework\src\traditional\proc\p18f25k80.asm
                     TMR2   0x000fcc       data     extern E:\c18v3.46\pic18-lt\cxx-framework\src\traditional\proc\p18f25k80.asm
                    T1CON   0x000fcd       data     extern E:\c18v3.46\pic18-lt\cxx-framework\src\traditional\proc\p18f25k80.asm
                T1CONbits   0x000fcd       data     extern E:\c18v3.46\pic18-lt\cxx-framework\src\traditional\proc\p18f25k80.asm
                    TMR1L   0x000fce       data     extern E:\c18v3.46\pic18-lt\cxx-framework\src\traditional\proc\p18f25k80.asm
                    TMR1H   0x000fcf       data     extern E:\c18v3.46\pic18-lt\cxx-framework\src\traditional\proc\p18f25k80.asm
                     RCON   0x000fd0       data     extern E:\c18v3.46\pic18-lt\cxx-framework\src\traditional\proc\p18f25k80.asm
                 RCONbits   0x000fd0       data     extern E:\c18v3.46\pic18-lt\cxx-framework\src\traditional\proc\p18f25k80.asm
                   WDTCON   0x000fd1       data     extern E:\c18v3.46\pic18-lt\cxx-framework\src\traditional\proc\p18f25k80.asm
               WDTCONbits   0x000fd1       data     extern E:\c18v3.46\pic18-lt\cxx-framework\src\traditional\proc\p18f25k80.asm
                  OSCCON2   0x000fd2       data     extern E:\c18v3.46\pic18-lt\cxx-framework\src\traditional\proc\p18f25k80.asm
              OSCCON2bits   0x000fd2       data     extern E:\c18v3.46\pic18-lt\cxx-framework\src\traditional\proc\p18f25k80.asm
                   OSCCON   0x000fd3       data     extern E:\c18v3.46\pic18-lt\cxx-framework\src\traditional\proc\p18f25k80.asm
               OSCCONbits   0x000fd3       data     extern E:\c18v3.46\pic18-lt\cxx-framework\src\traditional\proc\p18f25k80.asm
                T0CONbits   0x000fd5       data     extern E:\c18v3.46\pic18-lt\cxx-framework\src\traditional\proc\p18f25k80.asm
                    T0CON   0x000fd5       data     extern E:\c18v3.46\pic18-lt\cxx-framework\src\traditional\proc\p18f25k80.asm
                    TMR0L   0x000fd6       data     extern E:\c18v3.46\pic18-lt\cxx-framework\src\traditional\proc\p18f25k80.asm
                    TMR0H   0x000fd7       data     extern E:\c18v3.46\pic18-lt\cxx-framework\src\traditional\proc\p18f25k80.asm
               STATUSbits   0x000fd8       data     extern E:\c18v3.46\pic18-lt\cxx-framework\src\traditional\proc\p18f25k80.asm
                   STATUS   0x000fd8       data     extern E:\c18v3.46\pic18-lt\cxx-framework\src\traditional\proc\p18f25k80.asm
                     FSR2   0x000fd9       data     extern E:\c18v3.46\pic18-lt\cxx-framework\src\traditional\proc\p18f25k80.asm
                    FSR2L   0x000fd9       data     extern E:\c18v3.46\pic18-lt\cxx-framework\src\traditional\proc\p18f25k80.asm
                    FSR2H   0x000fda       data     extern E:\c18v3.46\pic18-lt\cxx-framework\src\traditional\proc\p18f25k80.asm
                FSR2Hbits   0x000fda       data     extern E:\c18v3.46\pic18-lt\cxx-framework\src\traditional\proc\p18f25k80.asm
                   PLUSW2   0x000fdb       data     extern E:\c18v3.46\pic18-lt\cxx-framework\src\traditional\proc\p18f25k80.asm
                  PREINC2   0x000fdc       data     extern E:\c18v3.46\pic18-lt\cxx-framework\src\traditional\proc\p18f25k80.asm
                 POSTDEC2   0x000fdd       data     extern E:\c18v3.46\pic18-lt\cxx-framework\src\traditional\proc\p18f25k80.asm
                 POSTINC2   0x000fde       data     extern E:\c18v3.46\pic18-lt\cxx-framework\src\traditional\proc\p18f25k80.asm
                    INDF2   0x000fdf       data     extern E:\c18v3.46\pic18-lt\cxx-framework\src\traditional\proc\p18f25k80.asm
                  BSRbits   0x000fe0       data     extern E:\c18v3.46\pic18-lt\cxx-framework\src\traditional\proc\p18f25k80.asm
                      BSR   0x000fe0       data     extern E:\c18v3.46\pic18-lt\cxx-framework\src\traditional\proc\p18f25k80.asm
                    FSR1L   0x000fe1       data     extern E:\c18v3.46\pic18-lt\cxx-framework\src\traditional\proc\p18f25k80.asm
                     FSR1   0x000fe1       data     extern E:\c18v3.46\pic18-lt\cxx-framework\src\traditional\proc\p18f25k80.asm
                FSR1Hbits   0x000fe2       data     extern E:\c18v3.46\pic18-lt\cxx-framework\src\traditional\proc\p18f25k80.asm
                    FSR1H   0x000fe2       data     extern E:\c18v3.46\pic18-lt\cxx-framework\src\traditional\proc\p18f25k80.asm
                   PLUSW1   0x000fe3       data     extern E:\c18v3.46\pic18-lt\cxx-framework\src\traditional\proc\p18f25k80.asm
                  PREINC1   0x000fe4       data     extern E:\c18v3.46\pic18-lt\cxx-framework\src\traditional\proc\p18f25k80.asm
                 POSTDEC1   0x000fe5       data     extern E:\c18v3.46\pic18-lt\cxx-framework\src\traditional\proc\p18f25k80.asm
                 POSTINC1   0x000fe6       data     extern E:\c18v3.46\pic18-lt\cxx-framework\src\traditional\proc\p18f25k80.asm
                    INDF1   0x000fe7       data     extern E:\c18v3.46\pic18-lt\cxx-framework\src\traditional\proc\p18f25k80.asm
                     WREG   0x000fe8       data     extern E:\c18v3.46\pic18-lt\cxx-framework\src\traditional\proc\p18f25k80.asm
                     FSR0   0x000fe9       data     extern E:\c18v3.46\pic18-lt\cxx-framework\src\traditional\proc\p18f25k80.asm
                    FSR0L   0x000fe9       data     extern E:\c18v3.46\pic18-lt\cxx-framework\src\traditional\proc\p18f25k80.asm
                    FSR0H   0x000fea       data     extern E:\c18v3.46\pic18-lt\cxx-framework\src\traditional\proc\p18f25k80.asm
                FSR0Hbits   0x000fea       data     extern E:\c18v3.46\pic18-lt\cxx-framework\src\traditional\proc\p18f25k80.asm
                   PLUSW0   0x000feb       data     extern E:\c18v3.46\pic18-lt\cxx-framework\src\traditional\proc\p18f25k80.asm
                  PREINC0   0x000fec       data     extern E:\c18v3.46\pic18-lt\cxx-framework\src\traditional\proc\p18f25k80.asm
                 POSTDEC0   0x000fed       data     extern E:\c18v3.46\pic18-lt\cxx-framework\src\traditional\proc\p18f25k80.asm
                 POSTINC0   0x000fee       data     extern E:\c18v3.46\pic18-lt\cxx-framework\src\traditional\proc\p18f25k80.asm
                    INDF0   0x000fef       data     extern E:\c18v3.46\pic18-lt\cxx-framework\src\traditional\proc\p18f25k80.asm
              INTCON3bits   0x000ff0       data     extern E:\c18v3.46\pic18-lt\cxx-framework\src\traditional\proc\p18f25k80.asm
                  INTCON3   0x000ff0       data     extern E:\c18v3.46\pic18-lt\cxx-framework\src\traditional\proc\p18f25k80.asm
              INTCON2bits   0x000ff1       data     extern E:\c18v3.46\pic18-lt\cxx-framework\src\traditional\proc\p18f25k80.asm
                  INTCON2   0x000ff1       data     extern E:\c18v3.46\pic18-lt\cxx-framework\src\traditional\proc\p18f25k80.asm
               INTCONbits   0x000ff2       data     extern E:\c18v3.46\pic18-lt\cxx-framework\src\traditional\proc\p18f25k80.asm
              INTCON1bits   0x000ff2       data     extern E:\c18v3.46\pic18-lt\cxx-framework\src\traditional\proc\p18f25k80.asm
                  INTCON1   0x000ff2       data     extern E:\c18v3.46\pic18-lt\cxx-framework\src\traditional\proc\p18f25k80.asm
                   INTCON   0x000ff2       data     extern E:\c18v3.46\pic18-lt\cxx-framework\src\traditional\proc\p18f25k80.asm
                     PROD   0x000ff3       data     extern E:\c18v3.46\pic18-lt\cxx-framework\src\traditional\proc\p18f25k80.asm
                    PRODL   0x000ff3       data     extern E:\c18v3.46\pic18-lt\cxx-framework\src\traditional\proc\p18f25k80.asm
                    PRODH   0x000ff4       data     extern E:\c18v3.46\pic18-lt\cxx-framework\src\traditional\proc\p18f25k80.asm
                   TABLAT   0x000ff5       data     extern E:\c18v3.46\pic18-lt\cxx-framework\src\traditional\proc\p18f25k80.asm
                  TBLPTRL   0x000ff6       data     extern E:\c18v3.46\pic18-lt\cxx-framework\src\traditional\proc\p18f25k80.asm
                   TBLPTR   0x000ff6       data     extern E:\c18v3.46\pic18-lt\cxx-framework\src\traditional\proc\p18f25k80.asm
                  TBLPTRH   0x000ff7       data     extern E:\c18v3.46\pic18-lt\cxx-framework\src\traditional\proc\p18f25k80.asm
                  TBLPTRU   0x000ff8       data     extern E:\c18v3.46\pic18-lt\cxx-framework\src\traditional\proc\p18f25k80.asm
              TBLPTRUbits   0x000ff8       data     extern E:\c18v3.46\pic18-lt\cxx-framework\src\traditional\proc\p18f25k80.asm
                       PC   0x000ff9       data     extern E:\c18v3.46\pic18-lt\cxx-framework\src\traditional\proc\p18f25k80.asm
                      PCL   0x000ff9       data     extern E:\c18v3.46\pic18-lt\cxx-framework\src\traditional\proc\p18f25k80.asm
                   PCLATH   0x000ffa       data     extern E:\c18v3.46\pic18-lt\cxx-framework\src\traditional\proc\p18f25k80.asm
               PCLATUbits   0x000ffb       data     extern E:\c18v3.46\pic18-lt\cxx-framework\src\traditional\proc\p18f25k80.asm
                   PCLATU   0x000ffb       data     extern E:\c18v3.46\pic18-lt\cxx-framework\src\traditional\proc\p18f25k80.asm
               STKPTRbits   0x000ffc       data     extern E:\c18v3.46\pic18-lt\cxx-framework\src\traditional\proc\p18f25k80.asm
                   STKPTR   0x000ffc       data     extern E:\c18v3.46\pic18-lt\cxx-framework\src\traditional\proc\p18f25k80.asm
                      TOS   0x000ffd       data     extern E:\c18v3.46\pic18-lt\cxx-framework\src\traditional\proc\p18f25k80.asm
                     TOSL   0x000ffd       data     extern E:\c18v3.46\pic18-lt\cxx-framework\src\traditional\proc\p18f25k80.asm
                     TOSH   0x000ffe       data     extern E:\c18v3.46\pic18-lt\cxx-framework\src\traditional\proc\p18f25k80.asm
                 TOSUbits   0x000fff       data     extern E:\c18v3.46\pic18-lt\cxx-framework\src\traditional\proc\p18f25k80.asm
                     TOSU   0x000fff       data     extern E:\c18v3.46\pic18-lt\cxx-framework\src\traditional\proc\p18f25k80.asm


